Component: ARM Compiler 5.06 update 1 (build 61) Tool: armlink [4d35a8]

==============================================================================

Section Cross References

    system_stm32f10x.o(i.SetSysClock) refers to system_stm32f10x.o(i.SetSysClockTo72) for SetSysClockTo72
    system_stm32f10x.o(i.SystemCoreClockUpdate) refers to system_stm32f10x.o(.data) for SystemCoreClock
    system_stm32f10x.o(i.SystemInit) refers to system_stm32f10x.o(i.SetSysClock) for SetSysClock
    startup_stm32f10x_md.o(RESET) refers to startup_stm32f10x_md.o(STACK) for __initial_sp
    startup_stm32f10x_md.o(RESET) refers to startup_stm32f10x_md.o(.text) for Reset_Handler
    startup_stm32f10x_md.o(RESET) refers to stm32f10x_it.o(i.NMI_Handler) for NMI_Handler
    startup_stm32f10x_md.o(RESET) refers to stm32f10x_it.o(i.HardFault_Handler) for HardFault_Handler
    startup_stm32f10x_md.o(RESET) refers to stm32f10x_it.o(i.MemManage_Handler) for MemManage_Handler
    startup_stm32f10x_md.o(RESET) refers to stm32f10x_it.o(i.BusFault_Handler) for BusFault_Handler
    startup_stm32f10x_md.o(RESET) refers to stm32f10x_it.o(i.UsageFault_Handler) for UsageFault_Handler
    startup_stm32f10x_md.o(RESET) refers to stm32f10x_it.o(i.SVC_Handler) for SVC_Handler
    startup_stm32f10x_md.o(RESET) refers to stm32f10x_it.o(i.DebugMon_Handler) for DebugMon_Handler
    startup_stm32f10x_md.o(RESET) refers to stm32f10x_it.o(i.PendSV_Handler) for PendSV_Handler
    startup_stm32f10x_md.o(RESET) refers to time.o(i.SysTick_Handler) for SysTick_Handler
    startup_stm32f10x_md.o(RESET) refers to encoder.o(i.TIM2_IRQHandler) for TIM2_IRQHandler
    startup_stm32f10x_md.o(RESET) refers to control.o(i.TIM4_IRQHandler) for TIM4_IRQHandler
    startup_stm32f10x_md.o(RESET) refers to usart.o(i.USART1_IRQHandler) for USART1_IRQHandler
    startup_stm32f10x_md.o(RESET) refers to uart2.o(i.USART2_IRQHandler) for USART2_IRQHandler
    startup_stm32f10x_md.o(RESET) refers to usart3.o(i.USART3_IRQHandler) for USART3_IRQHandler
    startup_stm32f10x_md.o(.text) refers to system_stm32f10x.o(i.SystemInit) for SystemInit
    startup_stm32f10x_md.o(.text) refers to entry.o(.ARM.Collect$$$$00000000) for __main
    stm32f10x_gpio.o(i.GPIO_AFIODeInit) refers to stm32f10x_rcc.o(i.RCC_APB2PeriphResetCmd) for RCC_APB2PeriphResetCmd
    stm32f10x_gpio.o(i.GPIO_DeInit) refers to stm32f10x_rcc.o(i.RCC_APB2PeriphResetCmd) for RCC_APB2PeriphResetCmd
    stm32f10x_adc.o(i.ADC_DeInit) refers to stm32f10x_rcc.o(i.RCC_APB2PeriphResetCmd) for RCC_APB2PeriphResetCmd
    stm32f10x_bkp.o(i.BKP_DeInit) refers to stm32f10x_rcc.o(i.RCC_BackupResetCmd) for RCC_BackupResetCmd
    stm32f10x_can.o(i.CAN_DeInit) refers to stm32f10x_rcc.o(i.RCC_APB1PeriphResetCmd) for RCC_APB1PeriphResetCmd
    stm32f10x_can.o(i.CAN_GetITStatus) refers to stm32f10x_can.o(i.CheckITStatus) for CheckITStatus
    stm32f10x_cec.o(i.CEC_DeInit) refers to stm32f10x_rcc.o(i.RCC_APB1PeriphResetCmd) for RCC_APB1PeriphResetCmd
    stm32f10x_dac.o(i.DAC_DeInit) refers to stm32f10x_rcc.o(i.RCC_APB1PeriphResetCmd) for RCC_APB1PeriphResetCmd
    stm32f10x_flash.o(i.FLASH_EnableWriteProtection) refers to stm32f10x_flash.o(i.FLASH_WaitForLastOperation) for FLASH_WaitForLastOperation
    stm32f10x_flash.o(i.FLASH_EraseAllBank1Pages) refers to stm32f10x_flash.o(i.FLASH_WaitForLastBank1Operation) for FLASH_WaitForLastBank1Operation
    stm32f10x_flash.o(i.FLASH_EraseAllPages) refers to stm32f10x_flash.o(i.FLASH_WaitForLastOperation) for FLASH_WaitForLastOperation
    stm32f10x_flash.o(i.FLASH_EraseOptionBytes) refers to stm32f10x_flash.o(i.FLASH_GetReadOutProtectionStatus) for FLASH_GetReadOutProtectionStatus
    stm32f10x_flash.o(i.FLASH_EraseOptionBytes) refers to stm32f10x_flash.o(i.FLASH_WaitForLastOperation) for FLASH_WaitForLastOperation
    stm32f10x_flash.o(i.FLASH_ErasePage) refers to stm32f10x_flash.o(i.FLASH_WaitForLastOperation) for FLASH_WaitForLastOperation
    stm32f10x_flash.o(i.FLASH_ProgramHalfWord) refers to stm32f10x_flash.o(i.FLASH_WaitForLastOperation) for FLASH_WaitForLastOperation
    stm32f10x_flash.o(i.FLASH_ProgramOptionByteData) refers to stm32f10x_flash.o(i.FLASH_WaitForLastOperation) for FLASH_WaitForLastOperation
    stm32f10x_flash.o(i.FLASH_ProgramWord) refers to stm32f10x_flash.o(i.FLASH_WaitForLastOperation) for FLASH_WaitForLastOperation
    stm32f10x_flash.o(i.FLASH_ReadOutProtection) refers to stm32f10x_flash.o(i.FLASH_WaitForLastOperation) for FLASH_WaitForLastOperation
    stm32f10x_flash.o(i.FLASH_UserOptionByteConfig) refers to stm32f10x_flash.o(i.FLASH_WaitForLastOperation) for FLASH_WaitForLastOperation
    stm32f10x_flash.o(i.FLASH_WaitForLastBank1Operation) refers to stm32f10x_flash.o(i.FLASH_GetBank1Status) for FLASH_GetBank1Status
    stm32f10x_flash.o(i.FLASH_WaitForLastOperation) refers to stm32f10x_flash.o(i.FLASH_GetBank1Status) for FLASH_GetBank1Status
    stm32f10x_i2c.o(i.I2C_DeInit) refers to stm32f10x_rcc.o(i.RCC_APB1PeriphResetCmd) for RCC_APB1PeriphResetCmd
[...]
    Removing stm32f10x_tim.o(i.TIM_SelectInputTrigger), (18 bytes).
    Removing stm32f10x_tim.o(i.TIM_SelectMasterSlaveMode), (18 bytes).
    Removing stm32f10x_tim.o(i.TIM_SelectOCxM), (82 bytes).
    Removing stm32f10x_tim.o(i.TIM_SelectOnePulseMode), (18 bytes).
    Removing stm32f10x_tim.o(i.TIM_SelectOutputTrigger), (18 bytes).
    Removing stm32f10x_tim.o(i.TIM_SelectSlaveMode), (18 bytes).
    Removing stm32f10x_tim.o(i.TIM_SetAutoreload), (4 bytes).
    Removing stm32f10x_tim.o(i.TIM_SetClockDivision), (18 bytes).
    Removing stm32f10x_tim.o(i.TIM_SetCompare1), (4 bytes).
    Removing stm32f10x_tim.o(i.TIM_SetCompare2), (4 bytes).
    Removing stm32f10x_tim.o(i.TIM_SetCompare3), (4 bytes).
    Removing stm32f10x_tim.o(i.TIM_SetCompare4), (6 bytes).
    Removing stm32f10x_tim.o(i.TIM_SetCounter), (4 bytes).
    Removing stm32f10x_tim.o(i.TIM_SetIC1Prescaler), (18 bytes).
    Removing stm32f10x_tim.o(i.TIM_SetIC2Prescaler), (26 bytes).
    Removing stm32f10x_tim.o(i.TIM_SetIC3Prescaler), (18 bytes).
    Removing stm32f10x_tim.o(i.TIM_SetIC4Prescaler), (26 bytes).
    Removing stm32f10x_tim.o(i.TIM_TIxExternalClockConfig), (62 bytes).
    Removing stm32f10x_tim.o(i.TIM_TimeBaseInit), (164 bytes).
    Removing stm32f10x_tim.o(i.TIM_TimeBaseStructInit), (18 bytes).
    Removing stm32f10x_tim.o(i.TIM_UpdateDisableConfig), (24 bytes).
    Removing stm32f10x_tim.o(i.TIM_UpdateRequestConfig), (24 bytes).
    Removing stm32f10x_usart.o(i.USART_ClearFlag), (18 bytes).
    Removing stm32f10x_usart.o(i.USART_ClockInit), (34 bytes).
    Removing stm32f10x_usart.o(i.USART_ClockStructInit), (12 bytes).
    Removing stm32f10x_usart.o(i.USART_DMACmd), (18 bytes).
    Removing stm32f10x_usart.o(i.USART_DeInit), (156 bytes).
    Removing stm32f10x_usart.o(i.USART_HalfDuplexCmd), (24 bytes).
    Removing stm32f10x_usart.o(i.USART_IrDACmd), (24 bytes).
    Removing stm32f10x_usart.o(i.USART_IrDAConfig), (18 bytes).
    Removing stm32f10x_usart.o(i.USART_LINBreakDetectLengthConfig), (18 bytes).
    Removing stm32f10x_usart.o(i.USART_LINCmd), (24 bytes).
    Removing stm32f10x_usart.o(i.USART_OneBitMethodCmd), (24 bytes).
    Removing stm32f10x_usart.o(i.USART_OverSampling8Cmd), (22 bytes).
    Removing stm32f10x_usart.o(i.USART_ReceiverWakeUpCmd), (24 bytes).
    Removing stm32f10x_usart.o(i.USART_SendBreak), (10 bytes).
    Removing stm32f10x_usart.o(i.USART_SetAddress), (18 bytes).
    Removing stm32f10x_usart.o(i.USART_SetGuardTime), (16 bytes).
    Removing stm32f10x_usart.o(i.USART_SetPrescaler), (16 bytes).
    Removing stm32f10x_usart.o(i.USART_SmartCardCmd), (24 bytes).
    Removing stm32f10x_usart.o(i.USART_SmartCardNACKCmd), (24 bytes).
    Removing stm32f10x_usart.o(i.USART_StructInit), (24 bytes).
    Removing stm32f10x_usart.o(i.USART_WakeUpConfig), (18 bytes).
    Removing stm32f10x_wwdg.o(i.WWDG_ClearFlag), (12 bytes).
    Removing stm32f10x_wwdg.o(i.WWDG_DeInit), (22 bytes).
    Removing stm32f10x_wwdg.o(i.WWDG_Enable), (16 bytes).
    Removing stm32f10x_wwdg.o(i.WWDG_EnableIT), (12 bytes).
    Removing stm32f10x_wwdg.o(i.WWDG_GetFlagStatus), (12 bytes).
    Removing stm32f10x_wwdg.o(i.WWDG_SetCounter), (16 bytes).
    Removing stm32f10x_wwdg.o(i.WWDG_SetPrescaler), (24 bytes).
    Removing stm32f10x_wwdg.o(i.WWDG_SetWindowValue), (40 bytes).
    Removing dt.o(i.DT_Send01), (284 bytes).
    Removing dt.o(i.DT_Send02), (296 bytes).
    Removing dt.o(i.DT_SendF1), (268 bytes).
    Removing filter.o(.data), (4 bytes).
    Removing hcsr04.o(i.CloseTimeForHc), (14 bytes).
    Removing hcsr04.o(i.GetEchoTimer), (48 bytes).
    Removing hcsr04.o(i.HCSR04_Init), (152 bytes).
    Removing hcsr04.o(i.Hcsr04GetLength), (156 bytes).
    Removing hcsr04.o(i.NVIC_Config), (32 bytes).
    Removing hcsr04.o(i.OpenTimeForHc), (32 bytes).
    Removing hcsr04.o(.data), (2 bytes).
    Removing mpu6050.o(i.MPU6050_INT_Disabled), (18 bytes).
    Removing mpu6050.o(i.MPU6050_initialize), (78 bytes).
    Removing mpu6050.o(i.MPU6050_resetEnabled), (24 bytes).
    Removing mpu6050.o(i.MPU6050_setClockSource), (20 bytes).
    Removing mpu6050.o(i.MPU6050_setFullScaleAccelRange), (20 bytes).
    Removing mpu6050.o(i.MPU6050_setFullScaleGyroRange), (20 bytes).
    Removing mpu6050.o(i.MPU6050_setI2CBypassEnabled), (18 bytes).
    Removing mpu6050.o(i.MPU6050_setI2CMasterModeEnabled), (18 bytes).
    Removing mpu6050.o(i.MPU6050_setSleepEnabled), (18 bytes).
    Removing mpu6050.o(i.MPU6050_set_Gyro_Accel_outRange), (20 bytes).
    Removing mpu6050.o(i.MPU6050_set_Gyro_DLPF_outRange), (20 bytes).
    Removing mpu6050.o(i.MPU6050_set_SMPRT_DIV), (16 bytes).
    Removing mpu6050.o(i.MPU6050_testConnection), (32 bytes).
    Removing mpu6050.o(.bss), (14 bytes).
    Removing mpuiic.o(i.MPU_IICreadBit), (38 bytes).
    Removing mpuiic.o(i.MPU_IICreadBits), (44 bytes).
    Removing mpuiic.o(i.MPU_IICreadByte), (22 bytes).
    Removing mpuiic.o(i.MPU_IICwriteBit), (64 bytes).
    Removing mpuiic.o(i.MPU_IICwriteBits), (106 bytes).
    Removing mpuiic.o(i.MPU_i2cRead), (118 bytes).
    Removing mpuiic.o(i.MPU_i2cWrite), (96 bytes).
    Removing oled.o(i.OLED_Clear), (48 bytes).
    Removing oled.o(i.OLED_Display_Off), (28 bytes).
    Removing oled.o(i.OLED_Display_On), (28 bytes).
    Removing oled.o(i.OLED_DrawPoint), (104 bytes).
    Removing oled.o(i.OLED_Init), (212 bytes).
    Removing oled.o(i.OLED_Refresh_Gram), (76 bytes).
    Removing oled.o(i.OLED_ShowChar), (168 bytes).
    Removing oled.o(i.OLED_ShowNumber), (148 bytes).
    Removing oled.o(i.OLED_ShowString), (68 bytes).
    Removing oled.o(.bss), (1024 bytes).
    Removing oled.o(.constdata), (2660 bytes).
    Removing oled_spi.o(i.OLED_WR_Byte), (24 bytes).
    Removing oled_spi.o(i.SPI_Configuration), (264 bytes).
    Removing oled_spi.o(i.SPI_WriterByte), (52 bytes).
    Removing oled_spi.o(i.WriteCmd), (52 bytes).
    Removing oled_spi.o(i.WriteDat), (52 bytes).
    Removing openmv.o(i.OpenMV_Offline_Check), (44 bytes).
    Removing pwm.o(i.TIM1_PWM_Init), (156 bytes).
    Removing pwm.o(i.TIM2_PWM_Init), (188 bytes).
    Removing pwm.o(i.TIM3_PWM_Init), (232 bytes).
    Removing pwm.o(i.TIM4_PWM_Init), (204 bytes).
    Removing sys.o(.emb_text), (6 bytes).
    Removing sys.o(i.INTX_DISABLE), (4 bytes).
    Removing sys.o(i.INTX_ENABLE), (4 bytes).
    Removing sys.o(i.JTAG_Set), (48 bytes).
    Removing sys.o(i.WFI_SET), (4 bytes).
    Removing time.o(i.Get_Delta_T), (38 bytes).
    Removing time.o(i.TIM_CONF), (88 bytes).
    Removing time.o(i.TIM_INIT), (20 bytes).
    Removing time.o(i.TIM_NVIC), (34 bytes).
    Removing usart.o(i.Uart1_Put_Char), (48 bytes).
    Removing uart2.o(i.Uart2_Flush), (20 bytes).
    Removing uart2.o(i.Uart2_Init), (164 bytes).
    Removing uart2.o(i.Uart2_Read), (64 bytes).
    Removing uart2.o(i.Uart2_Send), (64 bytes).
    Removing usart3.o(i.Uart3_Put_Buf), (76 bytes).
    Removing usart3.o(i.Uart3_Put_Char), (48 bytes).
    Removing usart3.o(i.Usart3_Init), (188 bytes).
    Removing usart3.o(i.Usart3_SendByte), (32 bytes).
    Removing usart3.o(i.Usart3_SendWord), (60 bytes).
    Removing my_math.o(i.my_len), (32 bytes).
    Removing my_math.o(i.my_pows), (22 bytes).
    Removing mpu9250.o(i.MadgwickQuaternionUpdate), (3436 bytes).
    Removing mpu9250.o(i.resetMPU9250), (20 bytes).
    Removing servo.o(i.angle_to_number), (76 bytes).
    Removing servo.o(i.number_to_angle), (56 bytes).
    Removing servo.o(i.servo_output), (2 bytes).
    Removing scs.o(i.Ack), (104 bytes).
    Removing scs.o(i.Host2SCS), (28 bytes).
    Removing scs.o(i.Ping), (130 bytes).
    Removing scs.o(i.Read), (172 bytes).
    Removing scs.o(i.SCS2Host), (28 bytes).
    Removing scs.o(i.checkHead), (78 bytes).
    Removing scs.o(i.genWrite), (42 bytes).
    Removing scs.o(i.readByte), (36 bytes).
    Removing scs.o(i.readWord), (48 bytes).
    Removing scs.o(i.regAction), (36 bytes).
    Removing scs.o(i.regWrite), (42 bytes).
    Removing scs.o(i.syncWrite), (190 bytes).
    Removing scs.o(i.writeBuf), (146 bytes).
    Removing scs.o(i.writeByte), (42 bytes).
    Removing scs.o(i.writeWord), (52 bytes).
    Removing scs.o(.data), (2 bytes).
    Removing scscl.o(i.EnableTorque), (18 bytes).
    Removing scscl.o(i.FeedBack), (52 bytes).
    Removing scscl.o(i.LockEprom), (16 bytes).
    Removing scscl.o(i.PWMMode), (36 bytes).
    Removing scscl.o(i.ReadCurrent), (84 bytes).
    Removing scscl.o(i.ReadLoad), (80 bytes).
    Removing scscl.o(i.ReadMove), (56 bytes).
    Removing scscl.o(i.ReadPos), (68 bytes).
    Removing scscl.o(i.ReadSpeed), (84 bytes).
    Removing scscl.o(i.ReadTemper), (56 bytes).
    Removing scscl.o(i.ReadVoltage), (56 bytes).
    Removing scscl.o(i.RegWriteAction), (10 bytes).
    Removing scscl.o(i.RegWritePos), (64 bytes).
    Removing scscl.o(i.SyncWritePos), (162 bytes).
    Removing scscl.o(i.WritePWM), (76 bytes).
    Removing scscl.o(i.WritePos), (72 bytes).
    Removing scscl.o(i.getErr), (12 bytes).
    Removing scscl.o(i.unLockEprom), (16 bytes).
    Removing scscl.o(.bss), (15 bytes).
    Removing scscl.o(.data), (4 bytes).
    Removing scserail.o(i.rFlushSCS), (8 bytes).
    Removing scserail.o(i.readSCS), (80 bytes).
    Removing scserail.o(i.wFlushSCS), (36 bytes).
    Removing scserail.o(i.writeSCS), (60 bytes).
    Removing scserail.o(.bss), (128 bytes).
    Removing scserail.o(.data), (5 bytes).
    Removing encoder.o(i.Encoder_Init), (8 bytes).
    Removing encoder.o(i.Encoder_Init_TIM1), (152 bytes).
    Removing encoder.o(i.Encoder_Init_TIM2), (152 bytes).
    Removing encoder.o(i.Encoder_Init_TIM3), (156 bytes).
    Removing encoder.o(i.Encoder_Init_TIM4), (156 bytes).
    Removing encoder.o(i.Encoder_Init_TIM5), (156 bytes).
    Removing encoder.o(i.Read_Encoder), (56 bytes).
    Removing encoder.o(i.TIM1_IRQHandler), (24 bytes).
    Removing exti.o(i.LEVIATHAN_EXTI_Init), (112 bytes).
    Removing motor.o(i.MOTORA_control), (68 bytes).
    Removing motor.o(i.Motor_Init), (44 bytes).
    Removing motor.o(i.Motor_PWM_Init), (20 bytes).
    Removing config.o(i.data_config), (2 bytes).
    Removing config.o(.data), (100 bytes).
    Removing control.o(i.lanya), (52 bytes).
    Removing scheduler.o(.bss), (36 bytes).
    Removing show.o(i.oled_show), (452 bytes).
    Removing dfltui.o(.text), (26 bytes).
    Removing dfixui.o(.text), (50 bytes).
    Removing cdcmple.o(.text), (48 bytes).

600 unused section(s) (total 35676 bytes) removed from the image.

==============================================================================

Image Symbol Table

    Local Symbols

    Symbol Name                              Value     Ov Type        Size  Object(Section)

    ../clib/../cmprslib/zerorunl2.c          0x00000000   Number         0  __dczerorl2.o ABSOLUTE
    ../clib/microlib/division.c              0x00000000   Number         0  uldiv.o ABSOLUTE
    ../clib/microlib/division.c              0x00000000   Number         0  uidiv.o ABSOLUTE
    ../clib/microlib/errno.c                 0x00000000   Number         0  errno.o ABSOLUTE
    ../clib/microlib/init/entry.s            0x00000000   Number         0  entry10b.o ABSOLUTE
    ../clib/microlib/init/entry.s            0x00000000   Number         0  entry11a.o ABSOLUTE
    ../clib/microlib/init/entry.s            0x00000000   Number         0  entry11b.o ABSOLUTE
    ../clib/microlib/init/entry.s            0x00000000   Number         0  entry.o ABSOLUTE
    ../clib/microlib/init/entry.s            0x00000000   Number         0  entry2.o ABSOLUTE
    ../clib/microlib/init/entry.s            0x00000000   Number         0  entry5.o ABSOLUTE
    ../clib/microlib/init/entry.s            0x00000000   Number         0  entry7a.o ABSOLUTE
    ../clib/microlib/init/entry.s            0x00000000   Number         0  entry7b.o ABSOLUTE
    ../clib/microlib/init/entry.s            0x00000000   Number         0  entry8a.o ABSOLUTE
    ../clib/microlib/init/entry.s            0x00000000   Number         0  entry8b.o ABSOLUTE
    ../clib/microlib/init/entry.s            0x00000000   Number         0  entry9a.o ABSOLUTE
    ../clib/microlib/init/entry.s            0x00000000   Number         0  entry10a.o ABSOLUTE
    ../clib/microlib/init/entry.s            0x00000000   Number         0  entry9b.o ABSOLUTE
    ../clib/microlib/longlong.c              0x00000000   Number         0  llsshr.o ABSOLUTE
    ../clib/microlib/longlong.c              0x00000000   Number         0  llshl.o ABSOLUTE
    ../clib/microlib/longlong.c              0x00000000   Number         0  llushr.o ABSOLUTE
    ../clib/microlib/printf/printf.c         0x00000000   Number         0  printf7.o ABSOLUTE
    ../clib/microlib/printf/printf.c         0x00000000   Number         0  printf6.o ABSOLUTE
    ../clib/microlib/printf/printf.c         0x00000000   Number         0  printf5.o ABSOLUTE
    ../clib/microlib/printf/printf.c         0x00000000   Number         0  printf3.o ABSOLUTE
    ../clib/microlib/printf/printf.c         0x00000000   Number         0  printf2.o ABSOLUTE
    ../clib/microlib/printf/printf.c         0x00000000   Number         0  printf1.o ABSOLUTE
    ../clib/microlib/printf/printf.c         0x00000000   Number         0  printf0.o ABSOLUTE
    ../clib/microlib/printf/printf.c         0x00000000   Number         0  printfb.o ABSOLUTE
    ../clib/microlib/printf/printf.c         0x00000000   Number         0  printfa.o ABSOLUTE
    ../clib/microlib/printf/printf.c         0x00000000   Number         0  printf4.o ABSOLUTE
    ../clib/microlib/printf/printf.c         0x00000000   Number         0  printf8.o ABSOLUTE
    ../clib/microlib/printf/stubs.s          0x00000000   Number         0  stubs.o ABSOLUTE
    ../clib/microlib/stdio/streams.c         0x00000000   Number         0  stdout.o ABSOLUTE
    ../clib/microlib/stubs.s                 0x00000000   Number         0  iusefp.o ABSOLUTE
    ../fplib/microlib/d2f.c                  0x00000000   Number         0  d2f.o ABSOLUTE
    ../fplib/microlib/f2d.c                  0x00000000   Number         0  f2d.o ABSOLUTE
    ../fplib/microlib/fpadd.c                0x00000000   Number         0  fadd.o ABSOLUTE
    ../fplib/microlib/fpadd.c                0x00000000   Number         0  dadd.o ABSOLUTE
    ../fplib/microlib/fpdiv.c                0x00000000   Number         0  fdiv.o ABSOLUTE
    ../fplib/microlib/fpdiv.c                0x00000000   Number         0  ddiv.o ABSOLUTE
    ../fplib/microlib/fpepilogue.c           0x00000000   Number         0  fepilogue.o ABSOLUTE
    ../fplib/microlib/fpepilogue.c           0x00000000   Number         0  depilogue.o ABSOLUTE
    ../fplib/microlib/fpfix.c                0x00000000   Number         0  ffixi.o ABSOLUTE
    ../fplib/microlib/fpfix.c                0x00000000   Number         0  dfixui.o ABSOLUTE
    ../fplib/microlib/fpfix.c                0x00000000   Number         0  dfixul.o ABSOLUTE
    ../fplib/microlib/fpflt.c                0x00000000   Number         0  fflti.o ABSOLUTE
    ../fplib/microlib/fpflt.c                0x00000000   Number         0  ffltui.o ABSOLUTE
    ../fplib/microlib/fpflt.c                0x00000000   Number         0  dfltui.o ABSOLUTE
    ../fplib/microlib/fpmul.c                0x00000000   Number         0  fmul.o ABSOLUTE
    ../fplib/microlib/fpmul.c                0x00000000   Number         0  dmul.o ABSOLUTE
    ../fplib/microlib/fpscalb.c              0x00000000   Number         0  dscalb.o ABSOLUTE
    ../fplib/microlib/fpsqrt.c               0x00000000   Number         0  dsqrt.o ABSOLUTE
    ../mathlib/asin.c                        0x00000000   Number         0  asin_x.o ABSOLUTE
    ../mathlib/asin.c                        0x00000000   Number         0  asin.o ABSOLUTE
    ../mathlib/atan.c                        0x00000000   Number         0  atan.o ABSOLUTE
    ../mathlib/atan.c                        0x00000000   Number         0  atan_x.o ABSOLUTE
    ../mathlib/atan2.c                       0x00000000   Number         0  atan2_x.o ABSOLUTE
    ../mathlib/atan2.c                       0x00000000   Number         0  atan2.o ABSOLUTE
    ../mathlib/dunder.c                      0x00000000   Number         0  dunder.o ABSOLUTE
    ../mathlib/fpclassify.c                  0x00000000   Number         0  fpclassify.o ABSOLUTE
    ../mathlib/poly.c                        0x00000000   Number         0  poly.o ABSOLUTE
    ../mathlib/qnan.c                        0x00000000   Number         0  qnan.o ABSOLUTE
    ../mathlib/sqrt.c                        0x00000000   Number         0  sqrt.o ABSOLUTE
    ../mathlib/sqrt.c                        0x00000000   Number         0  sqrt_x.o ABSOLUTE
    Libraries\CMSIS\core_cm3.c               0x00000000   Number         0  core_cm3.o ABSOLUTE
    Libraries\CMSIS\startup_stm32f10x_md.s   0x00000000   Number         0  startup_stm32f10x_md.o ABSOLUTE
    Libraries\CMSIS\stm32f10x_it.c           0x00000000   Number         0  stm32f10x_it.o ABSOLUTE
    Libraries\CMSIS\system_stm32f10x.c       0x00000000   Number         0  system_stm32f10x.o ABSOLUTE
    Libraries\STM32F10x_FWLib\src\misc.c     0x00000000   Number         0  misc.o ABSOLUTE
    Libraries\STM32F10x_FWLib\src\stm32f10x_adc.c 0x00000000   Number         0  stm32f10x_adc.o ABSOLUTE
    Libraries\STM32F10x_FWLib\src\stm32f10x_bkp.c 0x00000000   Number         0  stm32f10x_bkp.o ABSOLUTE
    Libraries\STM32F10x_FWLib\src\stm32f10x_can.c 0x00000000   Number         0  stm32f10x_can.o ABSOLUTE
    Libraries\STM32F10x_FWLib\src\stm32f10x_cec.c 0x00000000   Number         0  stm32f10x_cec.o ABSOLUTE
    Libraries\STM32F10x_FWLib\src\stm32f10x_crc.c 0x00000000   Number         0  stm32f10x_crc.o ABSOLUTE
    Libraries\STM32F10x_FWLib\src\stm32f10x_dac.c 0x00000000   Number         0  stm32f10x_dac.o ABSOLUTE
    Libraries\STM32F10x_FWLib\src\stm32f10x_dbgmcu.c 0x00000000   Number         0  stm32f10x_dbgmcu.o ABSOLUTE
    Libraries\STM32F10x_FWLib\src\stm32f10x_dma.c 0x00000000   Number         0  stm32f10x_dma.o ABSOLUTE
    Libraries\STM32F10x_FWLib\src\stm32f10x_exti.c 0x00000000   Number         0  stm32f10x_exti.o ABSOLUTE
    Libraries\STM32F10x_FWLib\src\stm32f10x_flash.c 0x00000000   Number         0  stm32f10x_flash.o ABSOLUTE
    Libraries\STM32F10x_FWLib\src\stm32f10x_fsmc.c 0x00000000   Number         0  stm32f10x_fsmc.o ABSOLUTE
    Libraries\STM32F10x_FWLib\src\stm32f10x_gpio.c 0x00000000   Number         0  stm32f10x_gpio.o ABSOLUTE
    Libraries\STM32F10x_FWLib\src\stm32f10x_i2c.c 0x00000000   Number         0  stm32f10x_i2c.o ABSOLUTE
    Libraries\STM32F10x_FWLib\src\stm32f10x_iwdg.c 0x00000000   Number         0  stm32f10x_iwdg.o ABSOLUTE
    Libraries\STM32F10x_FWLib\src\stm32f10x_pwr.c 0x00000000   Number         0  stm32f10x_pwr.o ABSOLUTE
    Libraries\STM32F10x_FWLib\src\stm32f10x_rcc.c 0x00000000   Number         0  stm32f10x_rcc.o ABSOLUTE
    Libraries\STM32F10x_FWLib\src\stm32f10x_rtc.c 0x00000000   Number         0  stm32f10x_rtc.o ABSOLUTE
    Libraries\STM32F10x_FWLib\src\stm32f10x_sdio.c 0x00000000   Number         0  stm32f10x_sdio.o ABSOLUTE
    Libraries\STM32F10x_FWLib\src\stm32f10x_spi.c 0x00000000   Number         0  stm32f10x_spi.o ABSOLUTE
    Libraries\STM32F10x_FWLib\src\stm32f10x_tim.c 0x00000000   Number         0  stm32f10x_tim.o ABSOLUTE
    Libraries\STM32F10x_FWLib\src\stm32f10x_usart.c 0x00000000   Number         0  stm32f10x_usart.o ABSOLUTE
    Libraries\STM32F10x_FWLib\src\stm32f10x_wwdg.c 0x00000000   Number         0  stm32f10x_wwdg.o ABSOLUTE
    Libraries\\CMSIS\\core_cm3.c             0x00000000   Number         0  core_cm3.o ABSOLUTE
    SRC\\drivers\\sys.c                      0x00000000   Number         0  sys.o ABSOLUTE
    SRC\applications\Scheduler.c             0x00000000   Number         0  scheduler.o ABSOLUTE
    SRC\applications\config.c                0x00000000   Number         0  config.o ABSOLUTE
    SRC\applications\control.c               0x00000000   Number         0  control.o ABSOLUTE
    SRC\applications\main.c                  0x00000000   Number         0  main_1.o ABSOLUTE
    SRC\applications\my_math.c               0x00000000   Number         0  my_math.o ABSOLUTE
    SRC\applications\servo.c                 0x00000000   Number         0  servo.o ABSOLUTE
    SRC\applications\show.c                  0x00000000   Number         0  show.o ABSOLUTE
    SRC\drivers\DT.c                         0x00000000   Number         0  dt.o ABSOLUTE
    SRC\drivers\SCS.c                        0x00000000   Number         0  scs.o ABSOLUTE
    SRC\drivers\SCSCL.c                      0x00000000   Number         0  scscl.o ABSOLUTE
    SRC\drivers\SCSerail.c                   0x00000000   Number         0  scserail.o ABSOLUTE
    SRC\drivers\encoder.c                    0x00000000   Number         0  encoder.o ABSOLUTE
    SRC\drivers\exti.c                       0x00000000   Number         0  exti.o ABSOLUTE
    SRC\drivers\filter.c                     0x00000000   Number         0  filter.o ABSOLUTE
    SRC\drivers\hcsr04.c                     0x00000000   Number         0  hcsr04.o ABSOLUTE
    SRC\drivers\motor.c                      0x00000000   Number         0  motor.o ABSOLUTE
    SRC\drivers\mpu6050.c                    0x00000000   Number         0  mpu6050.o ABSOLUTE
    SRC\drivers\mpu9250.c                    0x00000000   Number         0  mpu9250.o ABSOLUTE
    SRC\drivers\mpuiic.c                     0x00000000   Number         0  mpuiic.o ABSOLUTE
    SRC\drivers\oled.c                       0x00000000   Number         0  oled.o ABSOLUTE
    SRC\drivers\oled_spi.c                   0x00000000   Number         0  oled_spi.o ABSOLUTE
    SRC\drivers\openmv.c                     0x00000000   Number         0  openmv.o ABSOLUTE
    SRC\drivers\pwm.c                        0x00000000   Number         0  pwm.o ABSOLUTE
    SRC\drivers\sys.c                        0x00000000   Number         0  sys.o ABSOLUTE
    SRC\drivers\time.c                       0x00000000   Number         0  time.o ABSOLUTE
    SRC\drivers\uart2.c                      0x00000000   Number         0  uart2.o ABSOLUTE
    SRC\drivers\usart.c                      0x00000000   Number         0  usart.o ABSOLUTE
    SRC\drivers\usart3.c                     0x00000000   Number         0  usart3.o ABSOLUTE
    cdcmple.s                                0x00000000   Number         0  cdcmple.o ABSOLUTE
    cdrcmple.s                               0x00000000   Number         0  cdrcmple.o ABSOLUTE
    cfcmple.s                                0x00000000   Number         0  cfcmple.o ABSOLUTE
    dc.s                                     0x00000000   Number         0  dc.o ABSOLUTE
    handlers.s                               0x00000000   Number         0  handlers.o ABSOLUTE
    init.s                                   0x00000000   Number         0  init.o ABSOLUTE
    RESET                                    0x08000000   Section      236  startup_stm32f10x_md.o(RESET)
    .ARM.Collect$$$$00000000                 0x080000ec   Section        0  entry.o(.ARM.Collect$$$$00000000)
    .ARM.Collect$$$$00000001                 0x080000ec   Section        4  entry2.o(.ARM.Collect$$$$00000001)
    .ARM.Collect$$$$00000004                 0x080000f0   Section        4  entry5.o(.ARM.Collect$$$$00000004)
    .ARM.Collect$$$$00000008                 0x080000f4   Section        0  entry7b.o(.ARM.Collect$$$$00000008)
    .ARM.Collect$$$$0000000A                 0x080000f4   Section        0  entry8b.o(.ARM.Collect$$$$0000000A)
    .ARM.Collect$$$$0000000B                 0x080000f4   Section        8  entry9a.o(.ARM.Collect$$$$0000000B)
    .ARM.Collect$$$$0000000D                 0x080000fc   Section        0  entry10a.o(.ARM.Collect$$$$0000000D)
    .ARM.Collect$$$$0000000F                 0x080000fc   Section        0  entry11a.o(.ARM.Collect$$$$0000000F)
    .ARM.Collect$$$$00002712                 0x080000fc   Section        4  entry2.o(.ARM.Collect$$$$00002712)
    __lit__00000000                          0x080000fc   Data           4  entry2.o(.ARM.Collect$$$$00002712)
    .text                                    0x08000100   Section       36  startup_stm32f10x_md.o(.text)
    .text                                    0x08000124   Section        0  fadd.o(.text)
    .text                                    0x080001d4   Section        0  fmul.o(.text)
    .text                                    0x08000238   Section        0  fdiv.o(.text)
    .text                                    0x080002b4   Section        0  dmul.o(.text)
    .text                                    0x08000398   Section        0  ddiv.o(.text)
    .text                                    0x08000476   Section        0  fflti.o(.text)
    .text                                    0x08000488   Section        0  ffltui.o(.text)
    .text                                    0x08000492   Section        0  ffixi.o(.text)
    .text                                    0x080004c4   Section        0  f2d.o(.text)
    .text                                    0x080004ea   Section        0  d2f.o(.text)
    .text                                    0x08000524   Section       20  cfcmple.o(.text)
    .text                                    0x08000538   Section        0  uidiv.o(.text)
    .text                                    0x08000564   Section        0  uldiv.o(.text)
    .text                                    0x080005c6   Section        0  llushr.o(.text)
    .text                                    0x080005e6   Section        0  iusefp.o(.text)
    .text                                    0x080005e6   Section        0  fepilogue.o(.text)
    .text                                    0x08000654   Section        0  depilogue.o(.text)
    .text                                    0x0800070e   Section        0  dadd.o(.text)
    .text                                    0x0800085c   Section        0  dscalb.o(.text)
    .text                                    0x0800088a   Section        0  dsqrt.o(.text)
    .text                                    0x0800092c   Section        0  dfixul.o(.text)
    .text                                    0x0800095c   Section       48  cdrcmple.o(.text)
    .text                                    0x0800098c   Section       36  init.o(.text)
    .text                                    0x080009b0   Section        0  llshl.o(.text)
    .text                                    0x080009ce   Section        0  llsshr.o(.text)
    .text                                    0x080009f2   Section        0  __dczerorl2.o(.text)
    i.BusFault_Handler                       0x08000a48   Section        0  stm32f10x_it.o(i.BusFault_Handler)
    i.DT_Send03                              0x08000a4c   Section        0  dt.o(i.DT_Send03)
    i.DebugMon_Handler                       0x08000b34   Section        0  stm32f10x_it.o(i.DebugMon_Handler)
    i.Delay_ms                               0x08000b36   Section        0  time.o(i.Delay_ms)
    i.Delay_us                               0x08000b4e   Section        0  time.o(i.Delay_us)
    i.GPIO_Init                              0x08000b66   Section        0  stm32f10x_gpio.o(i.GPIO_Init)
    i.GetSysTime_us                          0x08000c7c   Section        0  time.o(i.GetSysTime_us)
    i.Get_Angle                              0x08000cbc   Section        0  filter.o(i.Get_Angle)
    i.HardFault_Handler                      0x08001540   Section        0  stm32f10x_it.o(i.HardFault_Handler)
    i.Loop_1000Hz                            0x08001544   Section        0  scheduler.o(i.Loop_1000Hz)
    Loop_1000Hz                              0x08001545   Thumb Code     2  scheduler.o(i.Loop_1000Hz)
    i.Loop_100Hz                             0x08001546   Section        0  scheduler.o(i.Loop_100Hz)
    Loop_100Hz                               0x08001547   Thumb Code     2  scheduler.o(i.Loop_100Hz)
    i.Loop_10Hz                              0x08001548   Section        0  scheduler.o(i.Loop_10Hz)
    Loop_10Hz                                0x08001549   Thumb Code     2  scheduler.o(i.Loop_10Hz)
    i.Loop_200Hz                             0x0800154a   Section        0  scheduler.o(i.Loop_200Hz)
    Loop_200Hz                               0x0800154b   Thumb Code     8  scheduler.o(i.Loop_200Hz)
    i.Loop_20Hz                              0x08001552   Section        0  scheduler.o(i.Loop_20Hz)
    Loop_20Hz                                0x08001553   Thumb Code     2  scheduler.o(i.Loop_20Hz)
    i.Loop_2Hz                               0x08001554   Section        0  scheduler.o(i.Loop_2Hz)
    Loop_2Hz                                 0x08001555   Thumb Code     2  scheduler.o(i.Loop_2Hz)
    i.Loop_500Hz                             0x08001556   Section        0  scheduler.o(i.Loop_500Hz)
    Loop_500Hz                               0x08001557   Thumb Code     2  scheduler.o(i.Loop_500Hz)
    i.Loop_50Hz                              0x08001558   Section        0  scheduler.o(i.Loop_50Hz)
    Loop_50Hz                                0x08001559   Thumb Code     2  scheduler.o(i.Loop_50Hz)
    i.MPU9250_INIT                           0x0800155c   Section        0  mpu9250.o(i.MPU9250_INIT)
    i.MPU_I2C_ReadOneByte                    0x080017dc   Section        0  mpuiic.o(i.MPU_I2C_ReadOneByte)
    i.MPU_IIC_Ack                            0x08001828   Section        0  mpuiic.o(i.MPU_IIC_Ack)
    i.MPU_IIC_Init                           0x08001874   Section        0  mpuiic.o(i.MPU_IIC_Init)
    i.MPU_IIC_NAck                           0x080018a0   Section        0  mpuiic.o(i.MPU_IIC_NAck)
    i.MPU_IIC_Read_Byte                      0x080018ec   Section        0  mpuiic.o(i.MPU_IIC_Read_Byte)
    i.MPU_IIC_Send_Byte                      0x0800195c   Section        0  mpuiic.o(i.MPU_IIC_Send_Byte)
    i.MPU_IIC_Start                          0x080019c0   Section        0  mpuiic.o(i.MPU_IIC_Start)
    i.MPU_IIC_Stop                           0x08001a28   Section        0  mpuiic.o(i.MPU_IIC_Stop)
    i.MPU_IIC_Wait_Ack                       0x08001a70   Section        0  mpuiic.o(i.MPU_IIC_Wait_Ack)
    i.MPU_IICreadBytes                       0x08001ad8   Section        0  mpuiic.o(i.MPU_IICreadBytes)
    i.MPU_IICwriteByte                       0x08001b42   Section        0  mpuiic.o(i.MPU_IICwriteByte)
    i.MPU_IICwriteBytes                      0x08001b56   Section        0  mpuiic.o(i.MPU_IICwriteBytes)
    i.MahonyQuaternionUpdate                 0x08001ba0   Section        0  mpu9250.o(i.MahonyQuaternionUpdate)
    i.MemManage_Handler                      0x080022fc   Section        0  stm32f10x_it.o(i.MemManage_Handler)
    i.NMI_Handler                            0x08002300   Section        0  stm32f10x_it.o(i.NMI_Handler)
    i.NVIC_Init                              0x08002304   Section        0  misc.o(i.NVIC_Init)
    i.NVIC_PriorityGroupConfig               0x08002374   Section        0  misc.o(i.NVIC_PriorityGroupConfig)
    i.OpenMV_Byte_Get                        0x08002388   Section        0  openmv.o(i.OpenMV_Byte_Get)
    i.OpenMV_Check_Reset                     0x08002494   Section        0  openmv.o(i.OpenMV_Check_Reset)
    OpenMV_Check_Reset                       0x08002495   Thumb Code    12  openmv.o(i.OpenMV_Check_Reset)
    i.OpenMV_Data_Analysis                   0x080024a8   Section        0  openmv.o(i.OpenMV_Data_Analysis)
    OpenMV_Data_Analysis                     0x080024a9   Thumb Code   194  openmv.o(i.OpenMV_Data_Analysis)
    i.PendSV_Handler                         0x0800257c   Section        0  stm32f10x_it.o(i.PendSV_Handler)
    i.RCC_APB2PeriphClockCmd                 0x08002580   Section        0  stm32f10x_rcc.o(i.RCC_APB2PeriphClockCmd)
    i.RCC_GetClocksFreq                      0x080025a0   Section        0  stm32f10x_rcc.o(i.RCC_GetClocksFreq)
    i.SVC_Handler                            0x08002674   Section        0  stm32f10x_it.o(i.SVC_Handler)
    i.Scheduler_Run                          0x08002678   Section        0  scheduler.o(i.Scheduler_Run)
    i.Scheduler_Setup                        0x080026c8   Section        0  scheduler.o(i.Scheduler_Setup)
    i.SetSysClock                            0x08002718   Section        0  system_stm32f10x.o(i.SetSysClock)
    SetSysClock                              0x08002719   Thumb Code     8  system_stm32f10x.o(i.SetSysClock)
    i.SetSysClockTo72                        0x08002720   Section        0  system_stm32f10x.o(i.SetSysClockTo72)
    SetSysClockTo72                          0x08002721   Thumb Code   214  system_stm32f10x.o(i.SetSysClockTo72)
    i.SysTick_CLKSourceConfig                0x08002800   Section        0  misc.o(i.SysTick_CLKSourceConfig)
    i.SysTick_Configuration                  0x08002828   Section        0  time.o(i.SysTick_Configuration)
    i.SysTick_GetTick                        0x08002894   Section        0  time.o(i.SysTick_GetTick)
    i.SysTick_Handler                        0x080028a0   Section        0  time.o(i.SysTick_Handler)
    i.SystemInit                             0x080028b8   Section        0  system_stm32f10x.o(i.SystemInit)
    i.TIM2_IRQHandler                        0x08002918   Section        0  encoder.o(i.TIM2_IRQHandler)
    i.TIM4_IRQHandler                        0x08002930   Section        0  control.o(i.TIM4_IRQHandler)
    i.TIM_ClearITPendingBit                  0x08002948   Section        0  stm32f10x_tim.o(i.TIM_ClearITPendingBit)
    i.TIM_GetITStatus                        0x0800294e   Section        0  stm32f10x_tim.o(i.TIM_GetITStatus)
    i.USART1_IRQHandler                      0x08002970   Section        0  usart.o(i.USART1_IRQHandler)
    i.USART2_IRQHandler                      0x080029f8   Section        0  uart2.o(i.USART2_IRQHandler)
    i.USART3_IRQHandler                      0x08002a38   Section        0  usart3.o(i.USART3_IRQHandler)
    i.USART_ClearITPendingBit                0x08002acc   Section        0  stm32f10x_usart.o(i.USART_ClearITPendingBit)
    i.USART_Cmd                              0x08002aea   Section        0  stm32f10x_usart.o(i.USART_Cmd)
    i.USART_GetFlagStatus                    0x08002b02   Section        0  stm32f10x_usart.o(i.USART_GetFlagStatus)
    i.USART_GetITStatus                      0x08002b1c   Section        0  stm32f10x_usart.o(i.USART_GetITStatus)
    i.USART_ITConfig                         0x08002b70   Section        0  stm32f10x_usart.o(i.USART_ITConfig)
    i.USART_Init                             0x08002bbc   Section        0  stm32f10x_usart.o(i.USART_Init)
    i.USART_ReceiveData                      0x08002c94   Section        0  stm32f10x_usart.o(i.USART_ReceiveData)
    i.USART_SendData                         0x08002c9e   Section        0  stm32f10x_usart.o(i.USART_SendData)
    i.Uart1_Put_Buf                          0x08002ca8   Section        0  usart.o(i.Uart1_Put_Buf)
    i.UsageFault_Handler                     0x08002cf4   Section        0  stm32f10x_it.o(i.UsageFault_Handler)
    i.__0printf                              0x08002cf8   Section        0  printfa.o(i.__0printf)
    i.__ARM_fpclassify                       0x08002d18   Section        0  fpclassify.o(i.__ARM_fpclassify)
    i.__kernel_poly                          0x08002d40   Section        0  poly.o(i.__kernel_poly)
    i.__mathlib_dbl_infnan                   0x08002dea   Section        0  dunder.o(i.__mathlib_dbl_infnan)
    i.__mathlib_dbl_infnan2                  0x08002df0   Section        0  dunder.o(i.__mathlib_dbl_infnan2)
    i.__mathlib_dbl_invalid                  0x08002df4   Section        0  dunder.o(i.__mathlib_dbl_invalid)
    i.__mathlib_dbl_underflow                0x08002e00   Section        0  dunder.o(i.__mathlib_dbl_underflow)
    i.__scatterload_copy                     0x08002e10   Section       14  handlers.o(i.__scatterload_copy)
    i.__scatterload_null                     0x08002e1e   Section        2  handlers.o(i.__scatterload_null)
    i.__scatterload_zeroinit                 0x08002e20   Section       14  handlers.o(i.__scatterload_zeroinit)
    i.__set_errno                            0x08002e30   Section        0  errno.o(i.__set_errno)
    i._fp_digits                             0x08002e3c   Section        0  printfa.o(i._fp_digits)
    _fp_digits                               0x08002e3d   Thumb Code   334  printfa.o(i._fp_digits)
    i._printf_core                           0x08002fa0   Section        0  printfa.o(i._printf_core)
    _printf_core                             0x08002fa1   Thumb Code  1744  printfa.o(i._printf_core)
    i._printf_post_padding                   0x0800367c   Section        0  printfa.o(i._printf_post_padding)
    _printf_post_padding                     0x0800367d   Thumb Code    36  printfa.o(i._printf_post_padding)
    i._printf_pre_padding                    0x080036a0   Section        0  printfa.o(i._printf_pre_padding)
    _printf_pre_padding                      0x080036a1   Thumb Code    46  printfa.o(i._printf_pre_padding)
    i.asin                                   0x080036d0   Section        0  asin.o(i.asin)
    i.atan                                   0x08003940   Section        0  atan.o(i.atan)
    i.atan2                                  0x08003b60   Section        0  atan2.o(i.atan2)
    i.calibrateMPU9250                       0x08003ce0   Section        0  mpu9250.o(i.calibrateMPU9250)
    i.fputc                                  0x080040f8   Section        0  usart.o(i.fputc)
    i.getAres                                0x0800411c   Section        0  mpu9250.o(i.getAres)
    i.getGres                                0x08004164   Section        0  mpu9250.o(i.getGres)
    i.getMres                                0x080041b4   Section        0  mpu9250.o(i.getMres)
    i.initAK8963                             0x080041e4   Section        0  mpu9250.o(i.initAK8963)
    i.initMPU9250                            0x080042b0   Section        0  mpu9250.o(i.initMPU9250)
    i.init_config                            0x08004364   Section        0  config.o(i.init_config)
    i.main                                   0x0800438c   Section        0  main_1.o(i.main)
    i.readAccelData                          0x08004398   Section        0  mpu9250.o(i.readAccelData)
    i.readGyroData                           0x080043da   Section        0  mpu9250.o(i.readGyroData)
    i.readMagData                            0x0800441c   Section        0  mpu9250.o(i.readMagData)
    i.sqrt                                   0x08004478   Section        0  sqrt.o(i.sqrt)
    i.sys_time                               0x080044c4   Section        0  time.o(i.sys_time)
    i.uart_init                              0x080044d4   Section        0  usart.o(i.uart_init)
    .constdata                               0x08004578   Section       80  asin.o(.constdata)
    pS                                       0x08004578   Data          48  asin.o(.constdata)
    qS                                       0x080045a8   Data          32  asin.o(.constdata)
    .constdata                               0x080045c8   Section      152  atan.o(.constdata)
    atanhi                                   0x080045c8   Data          32  atan.o(.constdata)
    atanlo                                   0x080045e8   Data          32  atan.o(.constdata)
    aTodd                                    0x08004608   Data          40  atan.o(.constdata)
    aTeven                                   0x08004630   Data          48  atan.o(.constdata)
    .constdata                               0x08004660   Section        8  qnan.o(.constdata)
    .data                                    0x20000000   Section       20  system_stm32f10x.o(.data)
    .data                                    0x20000014   Section       20  stm32f10x_rcc.o(.data)
    APBAHBPrescTable                         0x20000014   Data          16  stm32f10x_rcc.o(.data)
    ADCPrescTable                            0x20000024   Data           4  stm32f10x_rcc.o(.data)
    .data                                    0x20000028   Section       10  openmv.o(.data)
    len                                      0x20000030   Data           1  openmv.o(.data)
    rec_sta                                  0x20000031   Data           1  openmv.o(.data)
    .data                                    0x20000034   Section        8  time.o(.data)
    .data                                    0x2000003c   Section        3  usart.o(.data)
    TxCounter                                0x2000003d   Data           1  usart.o(.data)
    USART1_count                             0x2000003e   Data           1  usart.o(.data)
    .data                                    0x20000040   Section        8  uart2.o(.data)
    .data                                    0x20000048   Section        2  usart3.o(.data)
    TxCounter                                0x20000048   Data           1  usart3.o(.data)
    USART3_count                             0x20000049   Data           1  usart3.o(.data)
    .data                                    0x2000004c   Section      160  mpu9250.o(.data)
    .data                                    0x200000ec   Section       96  scheduler.o(.data)
    sched_tasks                              0x200000ec   Data          96  scheduler.o(.data)
    .data                                    0x2000014c   Section        4  stdout.o(.data)
    .data                                    0x20000150   Section        4  errno.o(.data)
    _errno                                   0x20000150   Data           4  errno.o(.data)
    .bss                                     0x20000154   Section      100  dt.o(.bss)
    .bss                                     0x200001b8   Section       46  openmv.o(.bss)
    .bss                                     0x200001e6   Section      256  usart.o(.bss)
    TxBuffer                                 0x200001e6   Data         256  usart.o(.bss)
    .bss                                     0x200002e6   Section      128  uart2.o(.bss)
    .bss                                     0x20000366   Section      256  usart3.o(.bss)
    TxBuffer                                 0x20000366   Data         256  usart3.o(.bss)
    .bss                                     0x20000468   Section      100  mpu9250.o(.bss)
    STACK                                    0x200004d0   Section     1024  startup_stm32f10x_md.o(STACK)

    Global Symbols

    Symbol Name                              Value     Ov Type        Size  Object(Section)

    BuildAttributes$$THM_ISAv4$P$D$K$B$S$PE$A:L22UL41UL21$X:L11$S22US41US21$IEEE1$IW$USESV6$~STKCKD$USESV7$~SHL$OTIME$ROPI$IEEEX$EBA8$MICROLIB$REQ8$PRES8$EABIv2 0x00000000   Number         0  anon$$obj.o ABSOLUTE
    __ARM_use_no_argv                        0x00000000   Number         0  main_1.o ABSOLUTE
    _printf_a                                0x00000000   Number         0  stubs.o ABSOLUTE
    _printf_c                                0x00000000   Number         0  stubs.o ABSOLUTE
    _printf_charcount                        0x00000000   Number         0  stubs.o ABSOLUTE
    _printf_d                                0x00000000   Number         0  stubs.o ABSOLUTE
    _printf_e                                0x00000000   Number         0  stubs.o ABSOLUTE
    _printf_f                                0x00000000   Number         0  stubs.o ABSOLUTE
    _printf_flags                            0x00000000   Number         0  stubs.o ABSOLUTE
    _printf_fp_dec                           0x00000000   Number         0  stubs.o ABSOLUTE
    _printf_fp_hex                           0x00000000   Number         0  stubs.o ABSOLUTE
    _printf_g                                0x00000000   Number         0  stubs.o ABSOLUTE
    _printf_i                                0x00000000   Number         0  stubs.o ABSOLUTE
    _printf_int_dec                          0x00000000   Number         0  stubs.o ABSOLUTE
    _printf_l                                0x00000000   Number         0  stubs.o ABSOLUTE
    _printf_lc                               0x00000000   Number         0  stubs.o ABSOLUTE
    _printf_ll                               0x00000000   Number         0  stubs.o ABSOLUTE
    _printf_lld                              0x00000000   Number         0  stubs.o ABSOLUTE
    _printf_lli                              0x00000000   Number         0  stubs.o ABSOLUTE
    _printf_llo                              0x00000000   Number         0  stubs.o ABSOLUTE
    _printf_llu                              0x00000000   Number         0  stubs.o ABSOLUTE
    _printf_llx                              0x00000000   Number         0  stubs.o ABSOLUTE
    _printf_longlong_dec                     0x00000000   Number         0  stubs.o ABSOLUTE
    _printf_longlong_hex                     0x00000000   Number         0  stubs.o ABSOLUTE
    _printf_longlong_oct                     0x00000000   Number         0  stubs.o ABSOLUTE
    _printf_ls                               0x00000000   Number         0  stubs.o ABSOLUTE
    _printf_mbtowc                           0x00000000   Number         0  stubs.o ABSOLUTE
    _printf_n                                0x00000000   Number         0  stubs.o ABSOLUTE
    _printf_o                                0x00000000   Number         0  stubs.o ABSOLUTE
    _printf_p                                0x00000000   Number         0  stubs.o ABSOLUTE
    _printf_percent                          0x00000000   Number         0  stubs.o ABSOLUTE
    _printf_pre_padding                      0x00000000   Number         0  stubs.o ABSOLUTE
    _printf_return_value                     0x00000000   Number         0  stubs.o ABSOLUTE
    _printf_s                                0x00000000   Number         0  stubs.o ABSOLUTE
    _printf_sizespec                         0x00000000   Number         0  stubs.o ABSOLUTE
    _printf_str                              0x00000000   Number         0  stubs.o ABSOLUTE
    _printf_truncate_signed                  0x00000000   Number         0  stubs.o ABSOLUTE
    _printf_truncate_unsigned                0x00000000   Number         0  stubs.o ABSOLUTE
    _printf_u                                0x00000000   Number         0  stubs.o ABSOLUTE
    _printf_wc                               0x00000000   Number         0  stubs.o ABSOLUTE
    _printf_wctomb                           0x00000000   Number         0  stubs.o ABSOLUTE
    _printf_widthprec                        0x00000000   Number         0  stubs.o ABSOLUTE
    _printf_x                                0x00000000   Number         0  stubs.o ABSOLUTE
    __cpp_initialize__aeabi_                  - Undefined Weak Reference
    __cxa_finalize                            - Undefined Weak Reference
    _clock_init                               - Undefined Weak Reference
    _microlib_exit                            - Undefined Weak Reference
    __Vectors_Size                           0x000000ec   Number         0  startup_stm32f10x_md.o ABSOLUTE
    __Vectors                                0x08000000   Data           4  startup_stm32f10x_md.o(RESET)
    __Vectors_End                            0x080000ec   Data           0  startup_stm32f10x_md.o(RESET)
    __main                                   0x080000ed   Thumb Code     0  entry.o(.ARM.Collect$$$$00000000)
    _main_stk                                0x080000ed   Thumb Code     0  entry2.o(.ARM.Collect$$$$00000001)
    _main_scatterload                        0x080000f1   Thumb Code     0  entry5.o(.ARM.Collect$$$$00000004)
    __main_after_scatterload                 0x080000f5   Thumb Code     0  entry5.o(.ARM.Collect$$$$00000004)
    _main_clock                              0x080000f5   Thumb Code     0  entry7b.o(.ARM.Collect$$$$00000008)
    _main_cpp_init                           0x080000f5   Thumb Code     0  entry8b.o(.ARM.Collect$$$$0000000A)
    _main_init                               0x080000f5   Thumb Code     0  entry9a.o(.ARM.Collect$$$$0000000B)
    __rt_final_cpp                           0x080000fd   Thumb Code     0  entry10a.o(.ARM.Collect$$$$0000000D)
    __rt_final_exit                          0x080000fd   Thumb Code     0  entry11a.o(.ARM.Collect$$$$0000000F)
    Reset_Handler                            0x08000101   Thumb Code     8  startup_stm32f10x_md.o(.text)
    ADC1_2_IRQHandler                        0x0800011b   Thumb Code     0  startup_stm32f10x_md.o(.text)
    CAN1_RX1_IRQHandler                      0x0800011b   Thumb Code     0  startup_stm32f10x_md.o(.text)
    CAN1_SCE_IRQHandler                      0x0800011b   Thumb Code     0  startup_stm32f10x_md.o(.text)
    DMA1_Channel1_IRQHandler                 0x0800011b   Thumb Code     0  startup_stm32f10x_md.o(.text)
    DMA1_Channel2_IRQHandler                 0x0800011b   Thumb Code     0  startup_stm32f10x_md.o(.text)
    DMA1_Channel3_IRQHandler                 0x0800011b   Thumb Code     0  startup_stm32f10x_md.o(.text)
    DMA1_Channel4_IRQHandler                 0x0800011b   Thumb Code     0  startup_stm32f10x_md.o(.text)
    DMA1_Channel5_IRQHandler                 0x0800011b   Thumb Code     0  startup_stm32f10x_md.o(.text)
    DMA1_Channel6_IRQHandler                 0x0800011b   Thumb Code     0  startup_stm32f10x_md.o(.text)
    DMA1_Channel7_IRQHandler                 0x0800011b   Thumb Code     0  startup_stm32f10x_md.o(.text)
    EXTI0_IRQHandler                         0x0800011b   Thumb Code     0  startup_stm32f10x_md.o(.text)
    EXTI15_10_IRQHandler                     0x0800011b   Thumb Code     0  startup_stm32f10x_md.o(.text)
    EXTI1_IRQHandler                         0x0800011b   Thumb Code     0  startup_stm32f10x_md.o(.text)
    EXTI2_IRQHandler                         0x0800011b   Thumb Code     0  startup_stm32f10x_md.o(.text)
    EXTI3_IRQHandler                         0x0800011b   Thumb Code     0  startup_stm32f10x_md.o(.text)
    EXTI4_IRQHandler                         0x0800011b   Thumb Code     0  startup_stm32f10x_md.o(.text)
    EXTI9_5_IRQHandler                       0x0800011b   Thumb Code     0  startup_stm32f10x_md.o(.text)
    FLASH_IRQHandler                         0x0800011b   Thumb Code     0  startup_stm32f10x_md.o(.text)
    I2C1_ER_IRQHandler                       0x0800011b   Thumb Code     0  startup_stm32f10x_md.o(.text)
    I2C1_EV_IRQHandler                       0x0800011b   Thumb Code     0  startup_stm32f10x_md.o(.text)
    I2C2_ER_IRQHandler                       0x0800011b   Thumb Code     0  startup_stm32f10x_md.o(.text)
    I2C2_EV_IRQHandler                       0x0800011b   Thumb Code     0  startup_stm32f10x_md.o(.text)
    PVD_IRQHandler                           0x0800011b   Thumb Code     0  startup_stm32f10x_md.o(.text)
    RCC_IRQHandler                           0x0800011b   Thumb Code     0  startup_stm32f10x_md.o(.text)
    RTCAlarm_IRQHandler                      0x0800011b   Thumb Code     0  startup_stm32f10x_md.o(.text)
    RTC_IRQHandler                           0x0800011b   Thumb Code     0  startup_stm32f10x_md.o(.text)
    SPI1_IRQHandler                          0x0800011b   Thumb Code     0  startup_stm32f10x_md.o(.text)
    SPI2_IRQHandler                          0x0800011b   Thumb Code     0  startup_stm32f10x_md.o(.text)
    TAMPER_IRQHandler                        0x0800011b   Thumb Code     0  startup_stm32f10x_md.o(.text)
    TIM1_BRK_IRQHandler                      0x0800011b   Thumb Code     0  startup_stm32f10x_md.o(.text)
    TIM1_CC_IRQHandler                       0x0800011b   Thumb Code     0  startup_stm32f10x_md.o(.text)
    TIM1_TRG_COM_IRQHandler                  0x0800011b   Thumb Code     0  startup_stm32f10x_md.o(.text)
    TIM1_UP_IRQHandler                       0x0800011b   Thumb Code     0  startup_stm32f10x_md.o(.text)
    TIM3_IRQHandler                          0x0800011b   Thumb Code     0  startup_stm32f10x_md.o(.text)
    USBWakeUp_IRQHandler                     0x0800011b   Thumb Code     0  startup_stm32f10x_md.o(.text)
    USB_HP_CAN1_TX_IRQHandler                0x0800011b   Thumb Code     0  startup_stm32f10x_md.o(.text)
    USB_LP_CAN1_RX0_IRQHandler               0x0800011b   Thumb Code     0  startup_stm32f10x_md.o(.text)
    WWDG_IRQHandler                          0x0800011b   Thumb Code     0  startup_stm32f10x_md.o(.text)
    __aeabi_fadd                             0x08000125   Thumb Code   164  fadd.o(.text)
    __aeabi_fsub                             0x080001c9   Thumb Code     6  fadd.o(.text)
    __aeabi_frsub                            0x080001cf   Thumb Code     6  fadd.o(.text)
    __aeabi_fmul                             0x080001d5   Thumb Code   100  fmul.o(.text)
    __aeabi_fdiv                             0x08000239   Thumb Code   124  fdiv.o(.text)
    __aeabi_dmul                             0x080002b5   Thumb Code   228  dmul.o(.text)
    __aeabi_ddiv                             0x08000399   Thumb Code   222  ddiv.o(.text)
    __aeabi_i2f                              0x08000477   Thumb Code    18  fflti.o(.text)
    __aeabi_ui2f                             0x08000489   Thumb Code    10  ffltui.o(.text)
    __aeabi_f2iz                             0x08000493   Thumb Code    50  ffixi.o(.text)
    __aeabi_f2d                              0x080004c5   Thumb Code    38  f2d.o(.text)
    __aeabi_d2f                              0x080004eb   Thumb Code    56  d2f.o(.text)
    __aeabi_cfcmpeq                          0x08000525   Thumb Code     0  cfcmple.o(.text)
    __aeabi_cfcmple                          0x08000525   Thumb Code    20  cfcmple.o(.text)
    __aeabi_uidiv                            0x08000539   Thumb Code     0  uidiv.o(.text)
    __aeabi_uidivmod                         0x08000539   Thumb Code    44  uidiv.o(.text)
    __aeabi_uldivmod                         0x08000565   Thumb Code    98  uldiv.o(.text)
    __aeabi_llsr                             0x080005c7   Thumb Code    32  llushr.o(.text)
    _ll_ushift_r                             0x080005c7   Thumb Code     0  llushr.o(.text)
    __I$use$fp                               0x080005e7   Thumb Code     0  iusefp.o(.text)
    _float_round                             0x080005e7   Thumb Code    18  fepilogue.o(.text)
    _float_epilogue                          0x080005f9   Thumb Code    92  fepilogue.o(.text)
    _double_round                            0x08000655   Thumb Code    30  depilogue.o(.text)
    _double_epilogue                         0x08000673   Thumb Code   156  depilogue.o(.text)
    __aeabi_dadd                             0x0800070f   Thumb Code   322  dadd.o(.text)
    __aeabi_dsub                             0x08000851   Thumb Code     6  dadd.o(.text)
    __aeabi_drsub                            0x08000857   Thumb Code     6  dadd.o(.text)
    __ARM_scalbn                             0x0800085d   Thumb Code    46  dscalb.o(.text)
    scalbn                                   0x0800085d   Thumb Code     0  dscalb.o(.text)
    _dsqrt                                   0x0800088b   Thumb Code   162  dsqrt.o(.text)
    __aeabi_d2ulz                            0x0800092d   Thumb Code    48  dfixul.o(.text)
    __aeabi_cdrcmple                         0x0800095d   Thumb Code    48  cdrcmple.o(.text)
    __scatterload                            0x0800098d   Thumb Code    28  init.o(.text)
    __scatterload_rt2                        0x0800098d   Thumb Code     0  init.o(.text)
    __aeabi_llsl                             0x080009b1   Thumb Code    30  llshl.o(.text)
    _ll_shift_l                              0x080009b1   Thumb Code     0  llshl.o(.text)
    __aeabi_lasr                             0x080009cf   Thumb Code    36  llsshr.o(.text)
    _ll_sshift_r                             0x080009cf   Thumb Code     0  llsshr.o(.text)
    __decompress                             0x080009f3   Thumb Code     0  __dczerorl2.o(.text)
    __decompress1                            0x080009f3   Thumb Code    86  __dczerorl2.o(.text)
    BusFault_Handler                         0x08000a49   Thumb Code     4  stm32f10x_it.o(i.BusFault_Handler)
    DT_Send03                                0x08000a4d   Thumb Code   226  dt.o(i.DT_Send03)
    DebugMon_Handler                         0x08000b35   Thumb Code     2  stm32f10x_it.o(i.DebugMon_Handler)
    Delay_ms                                 0x08000b37   Thumb Code    24  time.o(i.Delay_ms)
    Delay_us                                 0x08000b4f   Thumb Code    24  time.o(i.Delay_us)
    GPIO_Init                                0x08000b67   Thumb Code   278  stm32f10x_gpio.o(i.GPIO_Init)
    GetSysTime_us                            0x08000c7d   Thumb Code    58  time.o(i.GetSysTime_us)
    Get_Angle                                0x08000cbd   Thumb Code  2072  filter.o(i.Get_Angle)
    HardFault_Handler                        0x08001541   Thumb Code     4  stm32f10x_it.o(i.HardFault_Handler)
    MPU9250_INIT                             0x0800155d   Thumb Code   306  mpu9250.o(i.MPU9250_INIT)
    MPU_I2C_ReadOneByte                      0x080017dd   Thumb Code    76  mpuiic.o(i.MPU_I2C_ReadOneByte)
    MPU_IIC_Ack                              0x08001829   Thumb Code    64  mpuiic.o(i.MPU_IIC_Ack)
    MPU_IIC_Init                             0x08001875   Thumb Code    36  mpuiic.o(i.MPU_IIC_Init)
    MPU_IIC_NAck                             0x080018a1   Thumb Code    62  mpuiic.o(i.MPU_IIC_NAck)
    MPU_IIC_Read_Byte                        0x080018ed   Thumb Code    98  mpuiic.o(i.MPU_IIC_Read_Byte)
    MPU_IIC_Send_Byte                        0x0800195d   Thumb Code    88  mpuiic.o(i.MPU_IIC_Send_Byte)
    MPU_IIC_Start                            0x080019c1   Thumb Code    92  mpuiic.o(i.MPU_IIC_Start)
    MPU_IIC_Stop                             0x08001a29   Thumb Code    60  mpuiic.o(i.MPU_IIC_Stop)
    MPU_IIC_Wait_Ack                         0x08001a71   Thumb Code    92  mpuiic.o(i.MPU_IIC_Wait_Ack)
    MPU_IICreadBytes                         0x08001ad9   Thumb Code   106  mpuiic.o(i.MPU_IICreadBytes)
    MPU_IICwriteByte                         0x08001b43   Thumb Code    20  mpuiic.o(i.MPU_IICwriteByte)
    MPU_IICwriteBytes                        0x08001b57   Thumb Code    74  mpuiic.o(i.MPU_IICwriteBytes)
    MahonyQuaternionUpdate                   0x08001ba1   Thumb Code  1868  mpu9250.o(i.MahonyQuaternionUpdate)
    MemManage_Handler                        0x080022fd   Thumb Code     4  stm32f10x_it.o(i.MemManage_Handler)
    NMI_Handler                              0x08002301   Thumb Code     2  stm32f10x_it.o(i.NMI_Handler)
    NVIC_Init                                0x08002305   Thumb Code   100  misc.o(i.NVIC_Init)
    NVIC_PriorityGroupConfig                 0x08002375   Thumb Code    10  misc.o(i.NVIC_PriorityGroupConfig)
    OpenMV_Byte_Get                          0x08002389   Thumb Code   256  openmv.o(i.OpenMV_Byte_Get)
    PendSV_Handler                           0x0800257d   Thumb Code     2  stm32f10x_it.o(i.PendSV_Handler)
    RCC_APB2PeriphClockCmd                   0x08002581   Thumb Code    26  stm32f10x_rcc.o(i.RCC_APB2PeriphClockCmd)
    RCC_GetClocksFreq                        0x080025a1   Thumb Code   192  stm32f10x_rcc.o(i.RCC_GetClocksFreq)
    SVC_Handler                              0x08002675   Thumb Code     2  stm32f10x_it.o(i.SVC_Handler)
    Scheduler_Run                            0x08002679   Thumb Code    76  scheduler.o(i.Scheduler_Run)
    Scheduler_Setup                          0x080026c9   Thumb Code    76  scheduler.o(i.Scheduler_Setup)
    SysTick_CLKSourceConfig                  0x08002801   Thumb Code    40  misc.o(i.SysTick_CLKSourceConfig)
    SysTick_Configuration                    0x08002829   Thumb Code    96  time.o(i.SysTick_Configuration)
    SysTick_GetTick                          0x08002895   Thumb Code     6  time.o(i.SysTick_GetTick)
    SysTick_Handler                          0x080028a1   Thumb Code    18  time.o(i.SysTick_Handler)
    SystemInit                               0x080028b9   Thumb Code    78  system_stm32f10x.o(i.SystemInit)
    TIM2_IRQHandler                          0x08002919   Thumb Code    24  encoder.o(i.TIM2_IRQHandler)
    TIM4_IRQHandler                          0x08002931   Thumb Code    20  control.o(i.TIM4_IRQHandler)
    TIM_ClearITPendingBit                    0x08002949   Thumb Code     6  stm32f10x_tim.o(i.TIM_ClearITPendingBit)
    TIM_GetITStatus                          0x0800294f   Thumb Code    34  stm32f10x_tim.o(i.TIM_GetITStatus)
    USART1_IRQHandler                        0x08002971   Thumb Code   114  usart.o(i.USART1_IRQHandler)
    USART2_IRQHandler                        0x080029f9   Thumb Code    50  uart2.o(i.USART2_IRQHandler)
    USART3_IRQHandler                        0x08002a39   Thumb Code   130  usart3.o(i.USART3_IRQHandler)
    USART_ClearITPendingBit                  0x08002acd   Thumb Code    30  stm32f10x_usart.o(i.USART_ClearITPendingBit)
    USART_Cmd                                0x08002aeb   Thumb Code    24  stm32f10x_usart.o(i.USART_Cmd)
    USART_GetFlagStatus                      0x08002b03   Thumb Code    26  stm32f10x_usart.o(i.USART_GetFlagStatus)
    USART_GetITStatus                        0x08002b1d   Thumb Code    84  stm32f10x_usart.o(i.USART_GetITStatus)
    USART_ITConfig                           0x08002b71   Thumb Code    74  stm32f10x_usart.o(i.USART_ITConfig)
    USART_Init                               0x08002bbd   Thumb Code   210  stm32f10x_usart.o(i.USART_Init)
    USART_ReceiveData                        0x08002c95   Thumb Code    10  stm32f10x_usart.o(i.USART_ReceiveData)
    USART_SendData                           0x08002c9f   Thumb Code     8  stm32f10x_usart.o(i.USART_SendData)
    Uart1_Put_Buf                            0x08002ca9   Thumb Code    62  usart.o(i.Uart1_Put_Buf)
    UsageFault_Handler                       0x08002cf5   Thumb Code     4  stm32f10x_it.o(i.UsageFault_Handler)
    __0printf                                0x08002cf9   Thumb Code    22  printfa.o(i.__0printf)
    __1printf                                0x08002cf9   Thumb Code     0  printfa.o(i.__0printf)
    __2printf                                0x08002cf9   Thumb Code     0  printfa.o(i.__0printf)
    __c89printf                              0x08002cf9   Thumb Code     0  printfa.o(i.__0printf)
    printf                                   0x08002cf9   Thumb Code     0  printfa.o(i.__0printf)
    __ARM_fpclassify                         0x08002d19   Thumb Code    40  fpclassify.o(i.__ARM_fpclassify)
    __kernel_poly                            0x08002d41   Thumb Code   170  poly.o(i.__kernel_poly)
    __mathlib_dbl_infnan                     0x08002deb   Thumb Code     6  dunder.o(i.__mathlib_dbl_infnan)
    __mathlib_dbl_infnan2                    0x08002df1   Thumb Code     4  dunder.o(i.__mathlib_dbl_infnan2)
    __mathlib_dbl_invalid                    0x08002df5   Thumb Code    12  dunder.o(i.__mathlib_dbl_invalid)
    __mathlib_dbl_underflow                  0x08002e01   Thumb Code    10  dunder.o(i.__mathlib_dbl_underflow)
    __scatterload_copy                       0x08002e11   Thumb Code    14  handlers.o(i.__scatterload_copy)
    __scatterload_null                       0x08002e1f   Thumb Code     2  handlers.o(i.__scatterload_null)
    __scatterload_zeroinit                   0x08002e21   Thumb Code    14  handlers.o(i.__scatterload_zeroinit)
    __set_errno                              0x08002e31   Thumb Code     6  errno.o(i.__set_errno)
    asin                                     0x080036d1   Thumb Code   572  asin.o(i.asin)
    atan                                     0x08003941   Thumb Code   474  atan.o(i.atan)
    atan2                                    0x08003b61   Thumb Code   346  atan2.o(i.atan2)
    calibrateMPU9250                         0x08003ce1   Thumb Code  1046  mpu9250.o(i.calibrateMPU9250)
    fputc                                    0x080040f9   Thumb Code    32  usart.o(i.fputc)
    getAres                                  0x0800411d   Thumb Code    64  mpu9250.o(i.getAres)
    getGres                                  0x08004165   Thumb Code    56  mpu9250.o(i.getGres)
    getMres                                  0x080041b5   Thumb Code    32  mpu9250.o(i.getMres)
    initAK8963                               0x080041e5   Thumb Code   196  mpu9250.o(i.initAK8963)
    initMPU9250                              0x080042b1   Thumb Code   170  mpu9250.o(i.initMPU9250)
    init_config                              0x08004365   Thumb Code    36  config.o(i.init_config)
    main                                     0x0800438d   Thumb Code    12  main_1.o(i.main)
    readAccelData                            0x08004399   Thumb Code    66  mpu9250.o(i.readAccelData)
    readGyroData                             0x080043db   Thumb Code    66  mpu9250.o(i.readGyroData)
    readMagData                              0x0800441d   Thumb Code    92  mpu9250.o(i.readMagData)
    sqrt                                     0x08004479   Thumb Code    76  sqrt.o(i.sqrt)
    sys_time                                 0x080044c5   Thumb Code    12  time.o(i.sys_time)
    uart_init                                0x080044d5   Thumb Code   152  usart.o(i.uart_init)
    __mathlib_zero                           0x08004660   Data           8  qnan.o(.constdata)
    Region$$Table$$Base                      0x08004668   Number         0  anon$$obj.o(Region$$Table)
    Region$$Table$$Limit                     0x08004688   Number         0  anon$$obj.o(Region$$Table)
    SystemCoreClock                          0x20000000   Data           4  system_stm32f10x.o(.data)
    AHBPrescTable                            0x20000004   Data          16  system_stm32f10x.o(.data)
    offline_check_time                       0x20000028   Data           2  openmv.o(.data)
    sum_angle                                0x2000002a   Data           2  openmv.o(.data)
    sum_deviation                            0x2000002c   Data           2  openmv.o(.data)
    opmv_t                                   0x2000002e   Data           2  openmv.o(.data)
    sysTickUptime                            0x20000034   Data           4  time.o(.data)
    systime_ms                               0x20000038   Data           4  time.o(.data)
    USART1_com_data                          0x2000003c   Data           1  usart.o(.data)
    head                                     0x20000040   Data           4  uart2.o(.data)
    tail                                     0x20000044   Data           4  uart2.o(.data)
    ASAX                                     0x2000004c   Data           4  mpu9250.o(.data)
    ASAY                                     0x20000050   Data           4  mpu9250.o(.data)
    ASAZ                                     0x20000054   Data           4  mpu9250.o(.data)
    Ascale                                   0x20000058   Data           1  mpu9250.o(.data)
    Gscale                                   0x20000059   Data           1  mpu9250.o(.data)
    Mscale                                   0x2000005a   Data           1  mpu9250.o(.data)
    Mmode                                    0x2000005b   Data           1  mpu9250.o(.data)
    aRes                                     0x2000005c   Data           4  mpu9250.o(.data)
    gRes                                     0x20000060   Data           4  mpu9250.o(.data)
    mRes                                     0x20000064   Data           4  mpu9250.o(.data)
    accelCount                               0x20000068   Data           6  mpu9250.o(.data)
    gyroCount                                0x2000006e   Data           6  mpu9250.o(.data)
    magCount                                 0x20000074   Data           6  mpu9250.o(.data)
    ax                                       0x2000007c   Data           4  mpu9250.o(.data)
    ay                                       0x20000080   Data           4  mpu9250.o(.data)
    az                                       0x20000084   Data           4  mpu9250.o(.data)
    gx                                       0x20000088   Data           4  mpu9250.o(.data)
    gy                                       0x2000008c   Data           4  mpu9250.o(.data)
    gz                                       0x20000090   Data           4  mpu9250.o(.data)
    mx                                       0x20000094   Data           4  mpu9250.o(.data)
    my                                       0x20000098   Data           4  mpu9250.o(.data)
    mz                                       0x2000009c   Data           4  mpu9250.o(.data)
    tempCount                                0x200000a0   Data           2  mpu9250.o(.data)
    temperature                              0x200000a4   Data           4  mpu9250.o(.data)
    delt_t                                   0x200000a8   Data           4  mpu9250.o(.data)
    count                                    0x200000ac   Data           4  mpu9250.o(.data)
    GyroMeasError                            0x200000b0   Data           4  mpu9250.o(.data)
    beta                                     0x200000b4   Data           4  mpu9250.o(.data)
    GyroMeasDrift                            0x200000b8   Data           4  mpu9250.o(.data)
    zeta                                     0x200000bc   Data           4  mpu9250.o(.data)
    pitch                                    0x200000c0   Data           4  mpu9250.o(.data)
    yaw                                      0x200000c4   Data           4  mpu9250.o(.data)
    roll                                     0x200000c8   Data           4  mpu9250.o(.data)
    deltat                                   0x200000cc   Data           4  mpu9250.o(.data)
    lastUpdate                               0x200000d0   Data           4  mpu9250.o(.data)
    firstUpdate                              0x200000d4   Data           4  mpu9250.o(.data)
    Now                                      0x200000d8   Data           4  mpu9250.o(.data)
    q                                        0x200000dc   Data          16  mpu9250.o(.data)
    __stdout                                 0x2000014c   Data           4  stdout.o(.data)
    DataToSend                               0x20000154   Data         100  dt.o(.bss)
    openmv_buf                               0x200001b8   Data          20  openmv.o(.bss)
    opmv                                     0x200001cc   Data          26  openmv.o(.bss)
    uartBuf                                  0x200002e6   Data         128  uart2.o(.bss)
    buffer2                                  0x20000468   Data          14  mpu9250.o(.bss)
    magCalibration                           0x20000478   Data          12  mpu9250.o(.bss)
    magbias                                  0x20000484   Data          12  mpu9250.o(.bss)
    gyroBias                                 0x20000490   Data          12  mpu9250.o(.bss)
    accelBias                                0x2000049c   Data          12  mpu9250.o(.bss)
    SelfTest                                 0x200004a8   Data          24  mpu9250.o(.bss)
    eInt                                     0x200004c0   Data          12  mpu9250.o(.bss)
    __initial_sp                             0x200008d0   Data           0  startup_stm32f10x_md.o(STACK)



==============================================================================

Memory Map of the image

  Image Entry point : 0x080000ed

  Load Region LR_IROM1 (Base: 0x08000000, Size: 0x000047dc, Max: 0x00010000, ABSOLUTE, COMPRESSED[0x000046e0])

    Execution Region ER_IROM1 (Base: 0x08000000, Size: 0x00004688, Max: 0x00010000, ABSOLUTE)

    Base Addr    Size         Type   Attr      Idx    E Section Name        Object

    0x08000000   0x000000ec   Data   RO          193    RESET               startup_stm32f10x_md.o
    0x080000ec   0x00000000   Code   RO         4731  * .ARM.Collect$$$$00000000  mc_w.l(entry.o)
    0x080000ec   0x00000004   Code   RO         5050    .ARM.Collect$$$$00000001  mc_w.l(entry2.o)
    0x080000f0   0x00000004   Code   RO         5053    .ARM.Collect$$$$00000004  mc_w.l(entry5.o)
    0x080000f4   0x00000000   Code   RO         5055    .ARM.Collect$$$$00000008  mc_w.l(entry7b.o)
    0x080000f4   0x00000000   Code   RO         5057    .ARM.Collect$$$$0000000A  mc_w.l(entry8b.o)
    0x080000f4   0x00000008   Code   RO         5058    .ARM.Collect$$$$0000000B  mc_w.l(entry9a.o)
    0x080000fc   0x00000000   Code   RO         5060    .ARM.Collect$$$$0000000D  mc_w.l(entry10a.o)
    0x080000fc   0x00000000   Code   RO         5062    .ARM.Collect$$$$0000000F  mc_w.l(entry11a.o)
    0x080000fc   0x00000004   Code   RO         5051    .ARM.Collect$$$$00002712  mc_w.l(entry2.o)
    0x08000100   0x00000024   Code   RO          194    .text               startup_stm32f10x_md.o
    0x08000124   0x000000b0   Code   RO         4995    .text               mf_w.l(fadd.o)
    0x080001d4   0x00000064   Code   RO         4997    .text               mf_w.l(fmul.o)
    0x08000238   0x0000007c   Code   RO         4999    .text               mf_w.l(fdiv.o)
    0x080002b4   0x000000e4   Code   RO         5001    .text               mf_w.l(dmul.o)
    0x08000398   0x000000de   Code   RO         5003    .text               mf_w.l(ddiv.o)
    0x08000476   0x00000012   Code   RO         5005    .text               mf_w.l(fflti.o)
    0x08000488   0x0000000a   Code   RO         5007    .text               mf_w.l(ffltui.o)
    0x08000492   0x00000032   Code   RO         5011    .text               mf_w.l(ffixi.o)
    0x080004c4   0x00000026   Code   RO         5015    .text               mf_w.l(f2d.o)
    0x080004ea   0x00000038   Code   RO         5017    .text               mf_w.l(d2f.o)
    0x08000522   0x00000002   PAD
    0x08000524   0x00000014   Code   RO         5019    .text               mf_w.l(cfcmple.o)
    0x08000538   0x0000002c   Code   RO         5065    .text               mc_w.l(uidiv.o)
    0x08000564   0x00000062   Code   RO         5067    .text               mc_w.l(uldiv.o)
    0x080005c6   0x00000020   Code   RO         5069    .text               mc_w.l(llushr.o)
    0x080005e6   0x00000000   Code   RO         5078    .text               mc_w.l(iusefp.o)
    0x080005e6   0x0000006e   Code   RO         5079    .text               mf_w.l(fepilogue.o)
    0x08000654   0x000000ba   Code   RO         5081    .text               mf_w.l(depilogue.o)
    0x0800070e   0x0000014e   Code   RO         5083    .text               mf_w.l(dadd.o)
    0x0800085c   0x0000002e   Code   RO         5085    .text               mf_w.l(dscalb.o)
    0x0800088a   0x000000a2   Code   RO         5087    .text               mf_w.l(dsqrt.o)
    0x0800092c   0x00000030   Code   RO         5089    .text               mf_w.l(dfixul.o)
    0x0800095c   0x00000030   Code   RO         5093    .text               mf_w.l(cdrcmple.o)
    0x0800098c   0x00000024   Code   RO         5095    .text               mc_w.l(init.o)
    0x080009b0   0x0000001e   Code   RO         5097    .text               mc_w.l(llshl.o)
    0x080009ce   0x00000024   Code   RO         5099    .text               mc_w.l(llsshr.o)
    0x080009f2   0x00000056   Code   RO         5109    .text               mc_w.l(__dczerorl2.o)
    0x08000a48   0x00000004   Code   RO          119    i.BusFault_Handler  stm32f10x_it.o
    0x08000a4c   0x000000e8   Code   RO         3193    i.DT_Send03         dt.o
    0x08000b34   0x00000002   Code   RO          120    i.DebugMon_Handler  stm32f10x_it.o
    0x08000b36   0x00000018   Code   RO         3824    i.Delay_ms          time.o
    0x08000b4e   0x00000018   Code   RO         3825    i.Delay_us          time.o
    0x08000b66   0x00000116   Code   RO          204    i.GPIO_Init         stm32f10x_gpio.o
    0x08000c7c   0x00000040   Code   RO         3826    i.GetSysTime_us     time.o
    0x08000cbc   0x00000884   Code   RO         3328    i.Get_Angle         filter.o
    0x08001540   0x00000004   Code   RO          121    i.HardFault_Handler  stm32f10x_it.o
    0x08001544   0x00000002   Code   RO         4619    i.Loop_1000Hz       scheduler.o
    0x08001546   0x00000002   Code   RO         4620    i.Loop_100Hz        scheduler.o
    0x08001548   0x00000002   Code   RO         4621    i.Loop_10Hz         scheduler.o
    0x0800154a   0x00000008   Code   RO         4622    i.Loop_200Hz        scheduler.o
    0x08001552   0x00000002   Code   RO         4623    i.Loop_20Hz         scheduler.o
    0x08001554   0x00000002   Code   RO         4624    i.Loop_2Hz          scheduler.o
    0x08001556   0x00000002   Code   RO         4625    i.Loop_500Hz        scheduler.o
    0x08001558   0x00000002   Code   RO         4626    i.Loop_50Hz         scheduler.o
    0x0800155a   0x00000002   PAD
    0x0800155c   0x00000280   Code   RO         4088    i.MPU9250_INIT      mpu9250.o
    0x080017dc   0x0000004c   Code   RO         3487    i.MPU_I2C_ReadOneByte  mpuiic.o
    0x08001828   0x0000004c   Code   RO         3488    i.MPU_IIC_Ack       mpuiic.o
    0x08001874   0x0000002c   Code   RO         3489    i.MPU_IIC_Init      mpuiic.o
    0x080018a0   0x0000004c   Code   RO         3490    i.MPU_IIC_NAck      mpuiic.o
    0x080018ec   0x00000070   Code   RO         3491    i.MPU_IIC_Read_Byte  mpuiic.o
    0x0800195c   0x00000064   Code   RO         3492    i.MPU_IIC_Send_Byte  mpuiic.o
    0x080019c0   0x00000068   Code   RO         3493    i.MPU_IIC_Start     mpuiic.o
    0x08001a28   0x00000048   Code   RO         3494    i.MPU_IIC_Stop      mpuiic.o
    0x08001a70   0x00000068   Code   RO         3495    i.MPU_IIC_Wait_Ack  mpuiic.o
    0x08001ad8   0x0000006a   Code   RO         3499    i.MPU_IICreadBytes  mpuiic.o
    0x08001b42   0x00000014   Code   RO         3502    i.MPU_IICwriteByte  mpuiic.o
    0x08001b56   0x0000004a   Code   RO         3503    i.MPU_IICwriteBytes  mpuiic.o
    0x08001ba0   0x0000075c   Code   RO         4090    i.MahonyQuaternionUpdate  mpu9250.o
    0x080022fc   0x00000004   Code   RO          122    i.MemManage_Handler  stm32f10x_it.o
    0x08002300   0x00000002   Code   RO          123    i.NMI_Handler       stm32f10x_it.o
    0x08002302   0x00000002   PAD
    0x08002304   0x00000070   Code   RO          338    i.NVIC_Init         misc.o
    0x08002374   0x00000014   Code   RO          339    i.NVIC_PriorityGroupConfig  misc.o
    0x08002388   0x0000010c   Code   RO         3719    i.OpenMV_Byte_Get   openmv.o
    0x08002494   0x00000014   Code   RO         3720    i.OpenMV_Check_Reset  openmv.o
    0x080024a8   0x000000d4   Code   RO         3721    i.OpenMV_Data_Analysis  openmv.o
    0x0800257c   0x00000002   Code   RO          124    i.PendSV_Handler    stm32f10x_it.o
    0x0800257e   0x00000002   PAD
    0x08002580   0x00000020   Code   RO         1793    i.RCC_APB2PeriphClockCmd  stm32f10x_rcc.o
    0x080025a0   0x000000d4   Code   RO         1801    i.RCC_GetClocksFreq  stm32f10x_rcc.o
    0x08002674   0x00000002   Code   RO          125    i.SVC_Handler       stm32f10x_it.o
    0x08002676   0x00000002   PAD
    0x08002678   0x00000050   Code   RO         4627    i.Scheduler_Run     scheduler.o
    0x080026c8   0x00000050   Code   RO         4628    i.Scheduler_Setup   scheduler.o
    0x08002718   0x00000008   Code   RO            1    i.SetSysClock       system_stm32f10x.o
    0x08002720   0x000000e0   Code   RO            2    i.SetSysClockTo72   system_stm32f10x.o
    0x08002800   0x00000028   Code   RO          342    i.SysTick_CLKSourceConfig  misc.o
    0x08002828   0x0000006c   Code   RO         3828    i.SysTick_Configuration  time.o
    0x08002894   0x0000000c   Code   RO         3829    i.SysTick_GetTick   time.o
    0x080028a0   0x00000018   Code   RO         3830    i.SysTick_Handler   time.o
    0x080028b8   0x00000060   Code   RO            4    i.SystemInit        system_stm32f10x.o
    0x08002918   0x00000018   Code   RO         4483    i.TIM2_IRQHandler   encoder.o
    0x08002930   0x00000018   Code   RO         4601    i.TIM4_IRQHandler   control.o
    0x08002948   0x00000006   Code   RO         2420    i.TIM_ClearITPendingBit  stm32f10x_tim.o
    0x0800294e   0x00000022   Code   RO         2446    i.TIM_GetITStatus   stm32f10x_tim.o
    0x08002970   0x00000088   Code   RO         3906    i.USART1_IRQHandler  usart.o
    0x080029f8   0x00000040   Code   RO         3957    i.USART2_IRQHandler  uart2.o
    0x08002a38   0x00000094   Code   RO         4000    i.USART3_IRQHandler  usart3.o
    0x08002acc   0x0000001e   Code   RO         2958    i.USART_ClearITPendingBit  stm32f10x_usart.o
    0x08002aea   0x00000018   Code   RO         2961    i.USART_Cmd         stm32f10x_usart.o
    0x08002b02   0x0000001a   Code   RO         2964    i.USART_GetFlagStatus  stm32f10x_usart.o
    0x08002b1c   0x00000054   Code   RO         2965    i.USART_GetITStatus  stm32f10x_usart.o
    0x08002b70   0x0000004a   Code   RO         2967    i.USART_ITConfig    stm32f10x_usart.o
    0x08002bba   0x00000002   PAD
    0x08002bbc   0x000000d8   Code   RO         2968    i.USART_Init        stm32f10x_usart.o
    0x08002c94   0x0000000a   Code   RO         2975    i.USART_ReceiveData  stm32f10x_usart.o
    0x08002c9e   0x00000008   Code   RO         2978    i.USART_SendData    stm32f10x_usart.o
    0x08002ca6   0x00000002   PAD
    0x08002ca8   0x0000004c   Code   RO         3907    i.Uart1_Put_Buf     usart.o
    0x08002cf4   0x00000004   Code   RO          126    i.UsageFault_Handler  stm32f10x_it.o
    0x08002cf8   0x00000020   Code   RO         4967    i.__0printf         mc_w.l(printfa.o)
    0x08002d18   0x00000028   Code   RO         5045    i.__ARM_fpclassify  m_ws.l(fpclassify.o)
    0x08002d40   0x000000aa   Code   RO         5047    i.__kernel_poly     m_ws.l(poly.o)
    0x08002dea   0x00000006   Code   RO         5032    i.__mathlib_dbl_infnan  m_ws.l(dunder.o)
    0x08002df0   0x00000004   Code   RO         5033    i.__mathlib_dbl_infnan2  m_ws.l(dunder.o)
    0x08002df4   0x0000000c   Code   RO         5034    i.__mathlib_dbl_invalid  m_ws.l(dunder.o)
    0x08002e00   0x00000010   Code   RO         5037    i.__mathlib_dbl_underflow  m_ws.l(dunder.o)
    0x08002e10   0x0000000e   Code   RO         5103    i.__scatterload_copy  mc_w.l(handlers.o)
    0x08002e1e   0x00000002   Code   RO         5104    i.__scatterload_null  mc_w.l(handlers.o)
    0x08002e20   0x0000000e   Code   RO         5105    i.__scatterload_zeroinit  mc_w.l(handlers.o)
    0x08002e2e   0x00000002   PAD
    0x08002e30   0x0000000c   Code   RO         5073    i.__set_errno       mc_w.l(errno.o)
    0x08002e3c   0x00000164   Code   RO         4974    i._fp_digits        mc_w.l(printfa.o)
    0x08002fa0   0x000006dc   Code   RO         4975    i._printf_core      mc_w.l(printfa.o)
    0x0800367c   0x00000024   Code   RO         4976    i._printf_post_padding  mc_w.l(printfa.o)
    0x080036a0   0x0000002e   Code   RO         4977    i._printf_pre_padding  mc_w.l(printfa.o)
    0x080036ce   0x00000002   PAD
    0x080036d0   0x00000270   Code   RO         4706    i.asin              m_ws.l(asin.o)
    0x08003940   0x00000220   Code   RO         5022    i.atan              m_ws.l(atan.o)
    0x08003b60   0x00000180   Code   RO         4716    i.atan2             m_ws.l(atan2.o)
    0x08003ce0   0x00000416   Code   RO         4091    i.calibrateMPU9250  mpu9250.o
    0x080040f6   0x00000002   PAD
    0x080040f8   0x00000024   Code   RO         3909    i.fputc             usart.o
    0x0800411c   0x00000048   Code   RO         4092    i.getAres           mpu9250.o
    0x08004164   0x00000050   Code   RO         4093    i.getGres           mpu9250.o
    0x080041b4   0x00000030   Code   RO         4094    i.getMres           mpu9250.o
    0x080041e4   0x000000cc   Code   RO         4095    i.initAK8963        mpu9250.o
    0x080042b0   0x000000b4   Code   RO         4096    i.initMPU9250       mpu9250.o
    0x08004364   0x00000028   Code   RO         4581    i.init_config       config.o
    0x0800438c   0x0000000c   Code   RO         4693    i.main              main_1.o
    0x08004398   0x00000042   Code   RO         4097    i.readAccelData     mpu9250.o
    0x080043da   0x00000042   Code   RO         4098    i.readGyroData      mpu9250.o
    0x0800441c   0x0000005c   Code   RO         4099    i.readMagData       mpu9250.o
    0x08004478   0x0000004c   Code   RO         4724    i.sqrt              m_ws.l(sqrt.o)
    0x080044c4   0x00000010   Code   RO         3834    i.sys_time          time.o
    0x080044d4   0x000000a0   Code   RO         3910    i.uart_init         usart.o
    0x08004574   0x00000004   PAD
    0x08004578   0x00000050   Data   RO         4707    .constdata          m_ws.l(asin.o)
    0x080045c8   0x00000098   Data   RO         5023    .constdata          m_ws.l(atan.o)
    0x08004660   0x00000008   Data   RO         5049    .constdata          m_ws.l(qnan.o)
    0x08004668   0x00000020   Data   RO         5101    Region$$Table       anon$$obj.o


    Execution Region RW_IRAM1 (Base: 0x20000000, Size: 0x000008d0, Max: 0x00005000, ABSOLUTE, COMPRESSED[0x00000058])

    Base Addr    Size         Type   Attr      Idx    E Section Name        Object

    0x20000000   0x00000014   Data   RW            5    .data               system_stm32f10x.o
    0x20000014   0x00000014   Data   RW         1821    .data               stm32f10x_rcc.o
    0x20000028   0x0000000a   Data   RW         3724    .data               openmv.o
    0x20000032   0x00000002   PAD
    0x20000034   0x00000008   Data   RW         3835    .data               time.o
    0x2000003c   0x00000003   Data   RW         3912    .data               usart.o
    0x2000003f   0x00000001   PAD
    0x20000040   0x00000008   Data   RW         3963    .data               uart2.o
    0x20000048   0x00000002   Data   RW         4007    .data               usart3.o
    0x2000004a   0x00000002   PAD
    0x2000004c   0x000000a0   Data   RW         4102    .data               mpu9250.o
    0x200000ec   0x00000060   Data   RW         4630    .data               scheduler.o
    0x2000014c   0x00000004   Data   RW         5064    .data               mc_w.l(stdout.o)
    0x20000150   0x00000004   Data   RW         5074    .data               mc_w.l(errno.o)
    0x20000154   0x00000064   Zero   RW         3195    .bss                dt.o
    0x200001b8   0x0000002e   Zero   RW         3723    .bss                openmv.o
    0x200001e6   0x00000100   Zero   RW         3911    .bss                usart.o
    0x200002e6   0x00000080   Zero   RW         3962    .bss                uart2.o
    0x20000366   0x00000100   Zero   RW         4006    .bss                usart3.o
    0x20000466   0x00000002   PAD
    0x20000468   0x00000064   Zero   RW         4101    .bss                mpu9250.o
    0x200004cc   0x00000004   PAD
    0x200004d0   0x00000400   Zero   RW          191    STACK               startup_stm32f10x_md.o


==============================================================================

Image component sizes


      Code (inc. data)   RO Data    RW Data    ZI Data      Debug   Object Name

        40          4          0          0          0        470   config.o
        24          4          0          0          0        466   control.o
         0          0          0          0          0         32   core_cm3.o
       232          6          0          0        100       1221   dt.o
        24          0          0          0          0        434   encoder.o
      2180        340          0          0          0        788   filter.o
        12          0          0          0          0        447   main_1.o
       172         22          0          0          0       2109   misc.o
      4378        420          0        160        100      10349   mpu9250.o
       964         96          0          0          0       7318   mpuiic.o
         0          0          0          0          0        404   my_math.o
       500         38          0         10         46       3198   openmv.o
       182          8          0         96          0       4915   scheduler.o
        36          8        236          0       1024        804   startup_stm32f10x_md.o
       278          0          0          0          0     205420   stm32f10x_gpio.o
        24          0          0          0          0       3540   stm32f10x_it.o
       244         26          0         20          0       3909   stm32f10x_rcc.o
        40          0          0          0          0       1794   stm32f10x_tim.o
       472          6          0          0          0       6911   stm32f10x_usart.o
       328         28          0         20          0      50381   system_stm32f10x.o
       272         34          0          8          0      19655   time.o
        64         14          0          8        128       1048   uart2.o
       408         48          0          3        256       4282   usart.o
       148         18          0          2        256       1108   usart3.o

    ----------------------------------------------------------------------
     11040       1124        268        332       1916     331003   Object Totals
         0          0         32          0          0          0   (incl. Generated)
        18          4          0          5          6          0   (incl. Padding)

    ----------------------------------------------------------------------

      Code (inc. data)   RO Data    RW Data    ZI Data      Debug   Library Member Name

       624         52         80          0          0        168   asin.o
       544         70        152          0          0        124   atan.o
       384         38          0          0          0        144   atan2.o
        38          6          0          0          0        272   dunder.o
        40          0          0          0          0         68   fpclassify.o
       170          0          0          0          0         96   poly.o
         0          0          8          0          0          0   qnan.o
        76          0          0          0          0         84   sqrt.o
        86          0          0          0          0          0   __dczerorl2.o
         0          0          0          0          0          0   entry.o
         0          0          0          0          0          0   entry10a.o
         0          0          0          0          0          0   entry11a.o
         8          4          0          0          0          0   entry2.o
         4          0          0          0          0          0   entry5.o
         0          0          0          0          0          0   entry7b.o
         0          0          0          0          0          0   entry8b.o
         8          4          0          0          0          0   entry9a.o
        12          6          0          4          0         68   errno.o
        30          0          0          0          0          0   handlers.o
        36          8          0          0          0         68   init.o
         0          0          0          0          0          0   iusefp.o
        30          0          0          0          0         68   llshl.o
        36          0          0          0          0         68   llsshr.o
        32          0          0          0          0         68   llushr.o
      2226         90          0          0          0        444   printfa.o
         0          0          0          4          0          0   stdout.o
        44          0          0          0          0         80   uidiv.o
        98          0          0          0          0         92   uldiv.o
        48          0          0          0          0         68   cdrcmple.o
        20          0          0          0          0         68   cfcmple.o
        56          0          0          0          0         88   d2f.o
       334          0          0          0          0        148   dadd.o
       222          0          0          0          0        100   ddiv.o
       186          0          0          0          0        176   depilogue.o
        48          0          0          0          0         68   dfixul.o
       228          0          0          0          0         96   dmul.o
        46          0          0          0          0         80   dscalb.o
       162          0          0          0          0        100   dsqrt.o
        38          0          0          0          0         68   f2d.o
       176          0          0          0          0        140   fadd.o
       124          0          0          0          0         88   fdiv.o
       110          0          0          0          0        168   fepilogue.o
        50          0          0          0          0         68   ffixi.o
        18          0          0          0          0         68   fflti.o
        10          0          0          0          0         68   ffltui.o
       100          0          0          0          0         76   fmul.o

    ----------------------------------------------------------------------
      6508        278        240          8          0       3648   Library Totals
         6          0          0          0          0          0   (incl. Padding)

    ----------------------------------------------------------------------

      Code (inc. data)   RO Data    RW Data    ZI Data      Debug   Library Name

      1876        166        240          0          0        956   m_ws.l
      2650        112          0          8          0        956   mc_w.l
      1976          0          0          0          0       1736   mf_w.l

    ----------------------------------------------------------------------
      6508        278        240          8          0       3648   Library Totals

    ----------------------------------------------------------------------

==============================================================================


      Code (inc. data)   RO Data    RW Data    ZI Data      Debug   

     17548       1402        508        340       1916     328903   Grand Totals
     17548       1402        508         88       1916     328903   ELF Image Totals (compressed)
     17548       1402        508         88          0          0   ROM Totals

==============================================================================

    Total RO  Size (Code + RO Data)                18056 (  17.63kB)
    Total RW  Size (RW Data + ZI Data)              2256 (   2.20kB)
    Total ROM Size (Code + RO Data + RW Data)      18144 (  17.72kB)

==============================================================================

